running develop
running egg_info
creating learning_ros.egg-info
writing learning_ros.egg-info/PKG-INFO
writing dependency_links to learning_ros.egg-info/dependency_links.txt
writing entry points to learning_ros.egg-info/entry_points.txt
writing requirements to learning_ros.egg-info/requires.txt
writing top-level names to learning_ros.egg-info/top_level.txt
writing manifest file 'learning_ros.egg-info/SOURCES.txt'
reading manifest file 'learning_ros.egg-info/SOURCES.txt'
writing manifest file 'learning_ros.egg-info/SOURCES.txt'
running build_ext
Creating /home/mousa/rov_software_2026/install/learning_ros/lib/python3.10/site-packages/learning-ros.egg-link (link to .)
Installing learning_node script to /home/mousa/rov_software_2026/install/learning_ros/bin

Installed /home/mousa/rov_software_2026/build/learning_ros
running symlink_data
creating /home/mousa/rov_software_2026/install/learning_ros/share/ament_index
creating /home/mousa/rov_software_2026/install/learning_ros/share/ament_index/resource_index
creating /home/mousa/rov_software_2026/install/learning_ros/share/ament_index/resource_index/packages
symbolically linking /home/mousa/rov_software_2026/build/learning_ros/resource/learning_ros -> /home/mousa/rov_software_2026/install/learning_ros/share/ament_index/resource_index/packages
symbolically linking /home/mousa/rov_software_2026/build/learning_ros/package.xml -> /home/mousa/rov_software_2026/install/learning_ros/share/learning_ros
