[0.744s] Invoking command in '/home/mousa/rov_software_2026/src/controller': PYTHONPATH=/home/mousa/rov_software_2026/build/controller/prefix_override:/usr/lib/python3/dist-packages/colcon_core/task/python/colcon_distutils_commands:/home/mousa/rov_software_2026/install/controller/lib/python3.10/site-packages:${PYTHONPATH} /usr/bin/python3 -W ignore:setup.py install is deprecated -W ignore:easy_install command is deprecated setup.py egg_info --egg-base ../../build/controller build --build-base /home/mousa/rov_software_2026/build/controller/build install --record /home/mousa/rov_software_2026/build/controller/install.log --single-version-externally-managed install_data
[0.946s] running egg_info
[0.946s] creating ../../build/controller/controller.egg-info
[0.947s] writing ../../build/controller/controller.egg-info/PKG-INFO
[0.947s] writing dependency_links to ../../build/controller/controller.egg-info/dependency_links.txt
[0.948s] writing entry points to ../../build/controller/controller.egg-info/entry_points.txt
[0.948s] writing requirements to ../../build/controller/controller.egg-info/requires.txt
[0.948s] writing top-level names to ../../build/controller/controller.egg-info/top_level.txt
[0.948s] writing manifest file '../../build/controller/controller.egg-info/SOURCES.txt'
[0.949s] reading manifest file '../../build/controller/controller.egg-info/SOURCES.txt'
[0.950s] writing manifest file '../../build/controller/controller.egg-info/SOURCES.txt'
[0.950s] running build
[0.950s] running build_py
[0.950s] creating /home/mousa/rov_software_2026/build/controller/build
[0.951s] creating /home/mousa/rov_software_2026/build/controller/build/lib
[0.952s] creating /home/mousa/rov_software_2026/build/controller/build/lib/controller
[0.953s] copying controller/joy_inspector_node.py -> /home/mousa/rov_software_2026/build/controller/build/lib/controller
[0.953s] copying controller/__init__.py -> /home/mousa/rov_software_2026/build/controller/build/lib/controller
[0.954s] copying controller/joy_node.py -> /home/mousa/rov_software_2026/build/controller/build/lib/controller
[0.954s] running install
[0.954s] running install_lib
[0.955s] creating /home/mousa/rov_software_2026/install/controller/lib/python3.10/site-packages/controller
[0.956s] copying /home/mousa/rov_software_2026/build/controller/build/lib/controller/joy_inspector_node.py -> /home/mousa/rov_software_2026/install/controller/lib/python3.10/site-packages/controller
[0.956s] copying /home/mousa/rov_software_2026/build/controller/build/lib/controller/__init__.py -> /home/mousa/rov_software_2026/install/controller/lib/python3.10/site-packages/controller
[0.956s] copying /home/mousa/rov_software_2026/build/controller/build/lib/controller/joy_node.py -> /home/mousa/rov_software_2026/install/controller/lib/python3.10/site-packages/controller
[0.957s] byte-compiling /home/mousa/rov_software_2026/install/controller/lib/python3.10/site-packages/controller/joy_inspector_node.py to joy_inspector_node.cpython-310.pyc
[0.957s] byte-compiling /home/mousa/rov_software_2026/install/controller/lib/python3.10/site-packages/controller/__init__.py to __init__.cpython-310.pyc
[0.958s] byte-compiling /home/mousa/rov_software_2026/install/controller/lib/python3.10/site-packages/controller/joy_node.py to joy_node.cpython-310.pyc
[0.958s] running install_data
[0.958s] creating /home/mousa/rov_software_2026/install/controller/share/ament_index
[0.959s] creating /home/mousa/rov_software_2026/install/controller/share/ament_index/resource_index
[0.959s] creating /home/mousa/rov_software_2026/install/controller/share/ament_index/resource_index/packages
[0.960s] copying resource/controller -> /home/mousa/rov_software_2026/install/controller/share/ament_index/resource_index/packages
[0.960s] copying package.xml -> /home/mousa/rov_software_2026/install/controller/share/controller
[0.960s] running install_egg_info
[0.962s] Copying ../../build/controller/controller.egg-info to /home/mousa/rov_software_2026/install/controller/lib/python3.10/site-packages/controller-0.0.1-py3.10.egg-info
[0.963s] running install_scripts
[0.981s] Installing controller_joy_inspector script to /home/mousa/rov_software_2026/install/controller/bin
[0.982s] Installing controller_joy_node script to /home/mousa/rov_software_2026/install/controller/bin
[0.982s] writing list of installed files to '/home/mousa/rov_software_2026/build/controller/install.log'
[1.006s] Invoked command in '/home/mousa/rov_software_2026/src/controller' returned '0': PYTHONPATH=/home/mousa/rov_software_2026/build/controller/prefix_override:/usr/lib/python3/dist-packages/colcon_core/task/python/colcon_distutils_commands:/home/mousa/rov_software_2026/install/controller/lib/python3.10/site-packages:${PYTHONPATH} /usr/bin/python3 -W ignore:setup.py install is deprecated -W ignore:easy_install command is deprecated setup.py egg_info --egg-base ../../build/controller build --build-base /home/mousa/rov_software_2026/build/controller/build install --record /home/mousa/rov_software_2026/build/controller/install.log --single-version-externally-managed install_data
