[0.526s] Invoking command in '/home/mousa/rov_software_2026/build/controller': PYTHONPATH=/home/mousa/rov_software_2026/build/controller/prefix_override:/usr/lib/python3/dist-packages/colcon_core/task/python/colcon_distutils_commands:/home/mousa/rov_software_2026/install/controller/lib/python3.10/site-packages:${PYTHONPATH} /usr/bin/python3 -W ignore:setup.py install is deprecated -W ignore:easy_install command is deprecated setup.py develop --editable --build-directory /home/mousa/rov_software_2026/build/controller/build --no-deps symlink_data
[0.733s] running develop
[0.851s] running egg_info
[0.851s] creating controller.egg-info
[0.851s] writing controller.egg-info/PKG-INFO
[0.852s] writing dependency_links to controller.egg-info/dependency_links.txt
[0.852s] writing entry points to controller.egg-info/entry_points.txt
[0.852s] writing requirements to controller.egg-info/requires.txt
[0.852s] writing top-level names to controller.egg-info/top_level.txt
[0.852s] writing manifest file 'controller.egg-info/SOURCES.txt'
[0.854s] reading manifest file 'controller.egg-info/SOURCES.txt'
[0.854s] writing manifest file 'controller.egg-info/SOURCES.txt'
[0.856s] running build_ext
[0.856s] Creating /home/mousa/rov_software_2026/install/controller/lib/python3.10/site-packages/controller.egg-link (link to .)
[0.857s] Installing joy_inspector script to /home/mousa/rov_software_2026/install/controller/bin
[0.858s] Installing joy_node script to /home/mousa/rov_software_2026/install/controller/bin
[0.858s] 
[0.858s] Installed /home/mousa/rov_software_2026/build/controller
[0.858s] running symlink_data
[0.858s] creating /home/mousa/rov_software_2026/install/controller/share/ament_index
[0.858s] creating /home/mousa/rov_software_2026/install/controller/share/ament_index/resource_index
[0.859s] creating /home/mousa/rov_software_2026/install/controller/share/ament_index/resource_index/packages
[0.859s] symbolically linking /home/mousa/rov_software_2026/build/controller/resource/controller -> /home/mousa/rov_software_2026/install/controller/share/ament_index/resource_index/packages
[0.860s] symbolically linking /home/mousa/rov_software_2026/build/controller/package.xml -> /home/mousa/rov_software_2026/install/controller/share/controller
[0.890s] Invoked command in '/home/mousa/rov_software_2026/build/controller' returned '0': PYTHONPATH=/home/mousa/rov_software_2026/build/controller/prefix_override:/usr/lib/python3/dist-packages/colcon_core/task/python/colcon_distutils_commands:/home/mousa/rov_software_2026/install/controller/lib/python3.10/site-packages:${PYTHONPATH} /usr/bin/python3 -W ignore:setup.py install is deprecated -W ignore:easy_install command is deprecated setup.py develop --editable --build-directory /home/mousa/rov_software_2026/build/controller/build --no-deps symlink_data
