[0.724s] Invoking command in '/home/mousa/rov_software_2026/src/controller': PYTHONPATH=/home/mousa/rov_software_2026/build/controller/prefix_override:/usr/lib/python3/dist-packages/colcon_core/task/python/colcon_distutils_commands:/home/mousa/rov_software_2026/install/controller/lib/python3.10/site-packages:${PYTHONPATH} /usr/bin/python3 -W ignore:setup.py install is deprecated -W ignore:easy_install command is deprecated setup.py egg_info --egg-base ../../build/controller build --build-base /home/mousa/rov_software_2026/build/controller/build install --record /home/mousa/rov_software_2026/build/controller/install.log --single-version-externally-managed install_data
[0.935s] running egg_info
[0.936s] creating ../../build/controller/controller.egg-info
[0.936s] writing ../../build/controller/controller.egg-info/PKG-INFO
[0.937s] writing dependency_links to ../../build/controller/controller.egg-info/dependency_links.txt
[0.937s] writing entry points to ../../build/controller/controller.egg-info/entry_points.txt
[0.937s] writing requirements to ../../build/controller/controller.egg-info/requires.txt
[0.937s] writing top-level names to ../../build/controller/controller.egg-info/top_level.txt
[0.937s] writing manifest file '../../build/controller/controller.egg-info/SOURCES.txt'
[0.939s] reading manifest file '../../build/controller/controller.egg-info/SOURCES.txt'
[0.939s] writing manifest file '../../build/controller/controller.egg-info/SOURCES.txt'
[0.940s] running build
[0.940s] running build_py
[0.940s] creating /home/mousa/rov_software_2026/build/controller/build
[0.940s] creating /home/mousa/rov_software_2026/build/controller/build/lib
[0.941s] creating /home/mousa/rov_software_2026/build/controller/build/lib/controller
[0.941s] copying controller/joy_inspector_node.py -> /home/mousa/rov_software_2026/build/controller/build/lib/controller
[0.942s] copying controller/__init__.py -> /home/mousa/rov_software_2026/build/controller/build/lib/controller
[0.942s] copying controller/joy_node.py -> /home/mousa/rov_software_2026/build/controller/build/lib/controller
[0.943s] running install
[0.943s] running install_lib
[0.944s] creating /home/mousa/rov_software_2026/install/controller/lib/python3.10/site-packages/controller
[0.945s] copying /home/mousa/rov_software_2026/build/controller/build/lib/controller/joy_inspector_node.py -> /home/mousa/rov_software_2026/install/controller/lib/python3.10/site-packages/controller
[0.945s] copying /home/mousa/rov_software_2026/build/controller/build/lib/controller/__init__.py -> /home/mousa/rov_software_2026/install/controller/lib/python3.10/site-packages/controller
[0.945s] copying /home/mousa/rov_software_2026/build/controller/build/lib/controller/joy_node.py -> /home/mousa/rov_software_2026/install/controller/lib/python3.10/site-packages/controller
[0.945s] byte-compiling /home/mousa/rov_software_2026/install/controller/lib/python3.10/site-packages/controller/joy_inspector_node.py to joy_inspector_node.cpython-310.pyc
[0.947s] byte-compiling /home/mousa/rov_software_2026/install/controller/lib/python3.10/site-packages/controller/__init__.py to __init__.cpython-310.pyc
[0.947s] byte-compiling /home/mousa/rov_software_2026/install/controller/lib/python3.10/site-packages/controller/joy_node.py to joy_node.cpython-310.pyc
[0.948s] running install_data
[0.948s] creating /home/mousa/rov_software_2026/install/controller/share/ament_index
[0.948s] creating /home/mousa/rov_software_2026/install/controller/share/ament_index/resource_index
[0.949s] creating /home/mousa/rov_software_2026/install/controller/share/ament_index/resource_index/packages
[0.949s] copying resource/controller -> /home/mousa/rov_software_2026/install/controller/share/ament_index/resource_index/packages
[0.949s] copying package.xml -> /home/mousa/rov_software_2026/install/controller/share/controller
[0.950s] running install_egg_info
[0.952s] Copying ../../build/controller/controller.egg-info to /home/mousa/rov_software_2026/install/controller/lib/python3.10/site-packages/controller-0.0.1-py3.10.egg-info
[0.953s] running install_scripts
[0.972s] Installing joy_inspector script to /home/mousa/rov_software_2026/install/controller/bin
[0.973s] Installing joy_node script to /home/mousa/rov_software_2026/install/controller/bin
[0.973s] writing list of installed files to '/home/mousa/rov_software_2026/build/controller/install.log'
[1.000s] Invoked command in '/home/mousa/rov_software_2026/src/controller' returned '0': PYTHONPATH=/home/mousa/rov_software_2026/build/controller/prefix_override:/usr/lib/python3/dist-packages/colcon_core/task/python/colcon_distutils_commands:/home/mousa/rov_software_2026/install/controller/lib/python3.10/site-packages:${PYTHONPATH} /usr/bin/python3 -W ignore:setup.py install is deprecated -W ignore:easy_install command is deprecated setup.py egg_info --egg-base ../../build/controller build --build-base /home/mousa/rov_software_2026/build/controller/build install --record /home/mousa/rov_software_2026/build/controller/install.log --single-version-externally-managed install_data
