[0.307s] DEBUG:colcon:Command line arguments: ['/usr/bin/colcon', 'build', '--packages-select', 'learning_ros']
[0.307s] DEBUG:colcon:Parsed command line arguments: Namespace(log_base=None, log_level=None, verb_name='build', build_base='build', install_base='install', merge_install=False, symlink_install=False, test_result_base=None, continue_on_error=False, executor='parallel', parallel_workers=16, event_handlers=None, ignore_user_meta=False, metas=['./colcon.meta'], base_paths=['.'], packages_ignore=None, packages_ignore_regex=None, paths=None, packages_up_to=None, packages_up_to_regex=None, packages_above=None, packages_above_and_dependencies=None, packages_above_depth=None, packages_select_by_dep=None, packages_skip_by_dep=None, packages_skip_up_to=None, packages_select_build_failed=False, packages_skip_build_finished=False, packages_select_test_failures=False, packages_skip_test_passed=False, packages_select=['learning_ros'], packages_skip=None, packages_select_regex=None, packages_skip_regex=None, packages_start=None, packages_end=None, allow_overriding=[], cmake_args=None, cmake_target=None, cmake_target_skip_unavailable=False, cmake_clean_cache=False, cmake_clean_first=False, cmake_force_configure=False, ament_cmake_args=None, catkin_cmake_args=None, catkin_skip_building_tests=False, verb_parser=<colcon_defaults.argument_parser.defaults.DefaultArgumentsDecorator object at 0x7e834d51f520>, verb_extension=<colcon_core.verb.build.BuildVerb object at 0x7e834d51e6e0>, main=<bound method BuildVerb.main of <colcon_core.verb.build.BuildVerb object at 0x7e834d51e6e0>>)
[0.658s] Level 1:colcon.colcon_core.package_discovery:discover_packages(colcon_meta) check parameters
[0.658s] Level 1:colcon.colcon_core.package_discovery:discover_packages(recursive) check parameters
[0.659s] Level 1:colcon.colcon_core.package_discovery:discover_packages(ignore) check parameters
[0.659s] Level 1:colcon.colcon_core.package_discovery:discover_packages(path) check parameters
[0.659s] Level 1:colcon.colcon_core.package_discovery:discover_packages(colcon_meta) discover
[0.659s] Level 1:colcon.colcon_core.package_discovery:discover_packages(recursive) discover
[0.659s] INFO:colcon.colcon_core.package_discovery:Crawling recursively for packages in '/home/mousa/rov_software_2026'
[0.659s] Level 1:colcon.colcon_core.package_identification:_identify(.) by extensions ['ignore', 'ignore_ament_install']
[0.660s] Level 1:colcon.colcon_core.package_identification:_identify(.) by extension 'ignore'
[0.660s] Level 1:colcon.colcon_core.package_identification:_identify(.) by extension 'ignore_ament_install'
[0.660s] Level 1:colcon.colcon_core.package_identification:_identify(.) by extensions ['colcon_pkg']
[0.660s] Level 1:colcon.colcon_core.package_identification:_identify(.) by extension 'colcon_pkg'
[0.661s] Level 1:colcon.colcon_core.package_identification:_identify(.) by extensions ['colcon_meta']
[0.661s] Level 1:colcon.colcon_core.package_identification:_identify(.) by extension 'colcon_meta'
[0.661s] Level 1:colcon.colcon_core.package_identification:_identify(.) by extensions ['ros']
[0.661s] Level 1:colcon.colcon_core.package_identification:_identify(.) by extension 'ros'
[0.686s] Level 1:colcon.colcon_core.package_identification:_identify(.) by extensions ['cmake', 'python']
[0.687s] Level 1:colcon.colcon_core.package_identification:_identify(.) by extension 'cmake'
[0.687s] Level 1:colcon.colcon_core.package_identification:_identify(.) by extension 'python'
[0.687s] Level 1:colcon.colcon_core.package_identification:_identify(.) by extensions ['python_setup_py']
[0.687s] Level 1:colcon.colcon_core.package_identification:_identify(.) by extension 'python_setup_py'
[0.688s] Level 1:colcon.colcon_core.package_identification:_identify(build) by extensions ['ignore', 'ignore_ament_install']
[0.688s] Level 1:colcon.colcon_core.package_identification:_identify(build) by extension 'ignore'
[0.688s] Level 1:colcon.colcon_core.package_identification:_identify(build) ignored
[0.688s] Level 1:colcon.colcon_core.package_identification:_identify(install) by extensions ['ignore', 'ignore_ament_install']
[0.689s] Level 1:colcon.colcon_core.package_identification:_identify(install) by extension 'ignore'
[0.689s] Level 1:colcon.colcon_core.package_identification:_identify(install) ignored
[0.689s] Level 1:colcon.colcon_core.package_identification:_identify(log) by extensions ['ignore', 'ignore_ament_install']
[0.689s] Level 1:colcon.colcon_core.package_identification:_identify(log) by extension 'ignore'
[0.690s] Level 1:colcon.colcon_core.package_identification:_identify(log) ignored
[0.690s] Level 1:colcon.colcon_core.package_identification:_identify(src) by extensions ['ignore', 'ignore_ament_install']
[0.690s] Level 1:colcon.colcon_core.package_identification:_identify(src) by extension 'ignore'
[0.690s] Level 1:colcon.colcon_core.package_identification:_identify(src) by extension 'ignore_ament_install'
[0.690s] Level 1:colcon.colcon_core.package_identification:_identify(src) by extensions ['colcon_pkg']
[0.691s] Level 1:colcon.colcon_core.package_identification:_identify(src) by extension 'colcon_pkg'
[0.691s] Level 1:colcon.colcon_core.package_identification:_identify(src) by extensions ['colcon_meta']
[0.691s] Level 1:colcon.colcon_core.package_identification:_identify(src) by extension 'colcon_meta'
[0.691s] Level 1:colcon.colcon_core.package_identification:_identify(src) by extensions ['ros']
[0.691s] Level 1:colcon.colcon_core.package_identification:_identify(src) by extension 'ros'
[0.691s] Level 1:colcon.colcon_core.package_identification:_identify(src) by extensions ['cmake', 'python']
[0.691s] Level 1:colcon.colcon_core.package_identification:_identify(src) by extension 'cmake'
[0.691s] Level 1:colcon.colcon_core.package_identification:_identify(src) by extension 'python'
[0.692s] Level 1:colcon.colcon_core.package_identification:_identify(src) by extensions ['python_setup_py']
[0.692s] Level 1:colcon.colcon_core.package_identification:_identify(src) by extension 'python_setup_py'
[0.692s] Level 1:colcon.colcon_core.package_identification:_identify(src/learning_ros) by extensions ['ignore', 'ignore_ament_install']
[0.692s] Level 1:colcon.colcon_core.package_identification:_identify(src/learning_ros) by extension 'ignore'
[0.692s] Level 1:colcon.colcon_core.package_identification:_identify(src/learning_ros) by extension 'ignore_ament_install'
[0.692s] Level 1:colcon.colcon_core.package_identification:_identify(src/learning_ros) by extensions ['colcon_pkg']
[0.692s] Level 1:colcon.colcon_core.package_identification:_identify(src/learning_ros) by extension 'colcon_pkg'
[0.692s] Level 1:colcon.colcon_core.package_identification:_identify(src/learning_ros) by extensions ['colcon_meta']
[0.692s] Level 1:colcon.colcon_core.package_identification:_identify(src/learning_ros) by extension 'colcon_meta'
[0.693s] Level 1:colcon.colcon_core.package_identification:_identify(src/learning_ros) by extensions ['ros']
[0.693s] Level 1:colcon.colcon_core.package_identification:_identify(src/learning_ros) by extension 'ros'
[0.698s] DEBUG:colcon.colcon_core.package_identification:Package 'src/learning_ros' with type 'ros.ament_python' and name 'learning_ros'
[0.698s] Level 1:colcon.colcon_core.package_identification:_identify(src/my_talker) by extensions ['ignore', 'ignore_ament_install']
[0.698s] Level 1:colcon.colcon_core.package_identification:_identify(src/my_talker) by extension 'ignore'
[0.698s] Level 1:colcon.colcon_core.package_identification:_identify(src/my_talker) by extension 'ignore_ament_install'
[0.699s] Level 1:colcon.colcon_core.package_identification:_identify(src/my_talker) by extensions ['colcon_pkg']
[0.699s] Level 1:colcon.colcon_core.package_identification:_identify(src/my_talker) by extension 'colcon_pkg'
[0.699s] Level 1:colcon.colcon_core.package_identification:_identify(src/my_talker) by extensions ['colcon_meta']
[0.699s] Level 1:colcon.colcon_core.package_identification:_identify(src/my_talker) by extension 'colcon_meta'
[0.699s] Level 1:colcon.colcon_core.package_identification:_identify(src/my_talker) by extensions ['ros']
[0.699s] Level 1:colcon.colcon_core.package_identification:_identify(src/my_talker) by extension 'ros'
[0.700s] DEBUG:colcon.colcon_core.package_identification:Package 'src/my_talker' with type 'ros.ament_python' and name 'my_talker'
[0.700s] Level 1:colcon.colcon_core.package_identification:_identify(src/src) by extensions ['ignore', 'ignore_ament_install']
[0.701s] Level 1:colcon.colcon_core.package_identification:_identify(src/src) by extension 'ignore'
[0.701s] Level 1:colcon.colcon_core.package_identification:_identify(src/src) by extension 'ignore_ament_install'
[0.701s] Level 1:colcon.colcon_core.package_identification:_identify(src/src) by extensions ['colcon_pkg']
[0.701s] Level 1:colcon.colcon_core.package_identification:_identify(src/src) by extension 'colcon_pkg'
[0.701s] Level 1:colcon.colcon_core.package_identification:_identify(src/src) by extensions ['colcon_meta']
[0.701s] Level 1:colcon.colcon_core.package_identification:_identify(src/src) by extension 'colcon_meta'
[0.701s] Level 1:colcon.colcon_core.package_identification:_identify(src/src) by extensions ['ros']
[0.701s] Level 1:colcon.colcon_core.package_identification:_identify(src/src) by extension 'ros'
[0.702s] Level 1:colcon.colcon_core.package_identification:_identify(src/src) by extensions ['cmake', 'python']
[0.702s] Level 1:colcon.colcon_core.package_identification:_identify(src/src) by extension 'cmake'
[0.702s] Level 1:colcon.colcon_core.package_identification:_identify(src/src) by extension 'python'
[0.702s] Level 1:colcon.colcon_core.package_identification:_identify(src/src) by extensions ['python_setup_py']
[0.702s] Level 1:colcon.colcon_core.package_identification:_identify(src/src) by extension 'python_setup_py'
[0.702s] Level 1:colcon.colcon_core.package_identification:_identify(src/src/learning_ros) by extensions ['ignore', 'ignore_ament_install']
[0.702s] Level 1:colcon.colcon_core.package_identification:_identify(src/src/learning_ros) by extension 'ignore'
[0.703s] Level 1:colcon.colcon_core.package_identification:_identify(src/src/learning_ros) by extension 'ignore_ament_install'
[0.703s] Level 1:colcon.colcon_core.package_identification:_identify(src/src/learning_ros) by extensions ['colcon_pkg']
[0.703s] Level 1:colcon.colcon_core.package_identification:_identify(src/src/learning_ros) by extension 'colcon_pkg'
[0.703s] Level 1:colcon.colcon_core.package_identification:_identify(src/src/learning_ros) by extensions ['colcon_meta']
[0.703s] Level 1:colcon.colcon_core.package_identification:_identify(src/src/learning_ros) by extension 'colcon_meta'
[0.703s] Level 1:colcon.colcon_core.package_identification:_identify(src/src/learning_ros) by extensions ['ros']
[0.703s] Level 1:colcon.colcon_core.package_identification:_identify(src/src/learning_ros) by extension 'ros'
[0.704s] Level 1:colcon.colcon_core.package_identification:_identify(src/src/learning_ros) by extensions ['cmake', 'python']
[0.704s] Level 1:colcon.colcon_core.package_identification:_identify(src/src/learning_ros) by extension 'cmake'
[0.704s] Level 1:colcon.colcon_core.package_identification:_identify(src/src/learning_ros) by extension 'python'
[0.705s] Level 1:colcon.colcon_core.package_identification:_identify(src/src/learning_ros) by extensions ['python_setup_py']
[0.705s] Level 1:colcon.colcon_core.package_identification:_identify(src/src/learning_ros) by extension 'python_setup_py'
[0.705s] Level 1:colcon.colcon_core.package_identification:_identify(src/src/learning_ros/learning_ros) by extensions ['ignore', 'ignore_ament_install']
[0.706s] Level 1:colcon.colcon_core.package_identification:_identify(src/src/learning_ros/learning_ros) by extension 'ignore'
[0.706s] Level 1:colcon.colcon_core.package_identification:_identify(src/src/learning_ros/learning_ros) by extension 'ignore_ament_install'
[0.706s] Level 1:colcon.colcon_core.package_identification:_identify(src/src/learning_ros/learning_ros) by extensions ['colcon_pkg']
[0.706s] Level 1:colcon.colcon_core.package_identification:_identify(src/src/learning_ros/learning_ros) by extension 'colcon_pkg'
[0.707s] Level 1:colcon.colcon_core.package_identification:_identify(src/src/learning_ros/learning_ros) by extensions ['colcon_meta']
[0.707s] Level 1:colcon.colcon_core.package_identification:_identify(src/src/learning_ros/learning_ros) by extension 'colcon_meta'
[0.707s] Level 1:colcon.colcon_core.package_identification:_identify(src/src/learning_ros/learning_ros) by extensions ['ros']
[0.707s] Level 1:colcon.colcon_core.package_identification:_identify(src/src/learning_ros/learning_ros) by extension 'ros'
[0.707s] Level 1:colcon.colcon_core.package_identification:_identify(src/src/learning_ros/learning_ros) by extensions ['cmake', 'python']
[0.707s] Level 1:colcon.colcon_core.package_identification:_identify(src/src/learning_ros/learning_ros) by extension 'cmake'
[0.708s] Level 1:colcon.colcon_core.package_identification:_identify(src/src/learning_ros/learning_ros) by extension 'python'
[0.708s] Level 1:colcon.colcon_core.package_identification:_identify(src/src/learning_ros/learning_ros) by extensions ['python_setup_py']
[0.708s] Level 1:colcon.colcon_core.package_identification:_identify(src/src/learning_ros/learning_ros) by extension 'python_setup_py'
[0.708s] Level 1:colcon.colcon_core.package_discovery:discover_packages(recursive) using defaults
[0.708s] Level 1:colcon.colcon_core.package_discovery:discover_packages(ignore) discover
[0.708s] Level 1:colcon.colcon_core.package_discovery:discover_packages(ignore) using defaults
[0.708s] Level 1:colcon.colcon_core.package_discovery:discover_packages(path) discover
[0.708s] Level 1:colcon.colcon_core.package_discovery:discover_packages(path) using defaults
[0.756s] INFO:colcon.colcon_core.package_selection:Skipping not selected package 'my_talker' in 'src/my_talker'
[0.758s] Level 1:colcon.colcon_core.package_discovery:discover_packages(prefix_path) check parameters
[0.758s] Level 1:colcon.colcon_core.package_discovery:discover_packages(prefix_path) discover
[0.761s] DEBUG:colcon.colcon_installed_package_information.package_discovery:Found 2 installed packages in /home/mousa/rov_software_2026/install
[0.764s] DEBUG:colcon.colcon_installed_package_information.package_discovery:Found 271 installed packages in /opt/ros/humble
[0.785s] Level 1:colcon.colcon_core.package_discovery:discover_packages(prefix_path) using defaults
[0.863s] Level 5:colcon.colcon_core.verb:set package 'learning_ros' build argument 'cmake_args' from command line to 'None'
[0.863s] Level 5:colcon.colcon_core.verb:set package 'learning_ros' build argument 'cmake_target' from command line to 'None'
[0.863s] Level 5:colcon.colcon_core.verb:set package 'learning_ros' build argument 'cmake_target_skip_unavailable' from command line to 'False'
[0.863s] Level 5:colcon.colcon_core.verb:set package 'learning_ros' build argument 'cmake_clean_cache' from command line to 'False'
[0.863s] Level 5:colcon.colcon_core.verb:set package 'learning_ros' build argument 'cmake_clean_first' from command line to 'False'
[0.863s] Level 5:colcon.colcon_core.verb:set package 'learning_ros' build argument 'cmake_force_configure' from command line to 'False'
[0.863s] Level 5:colcon.colcon_core.verb:set package 'learning_ros' build argument 'ament_cmake_args' from command line to 'None'
[0.863s] Level 5:colcon.colcon_core.verb:set package 'learning_ros' build argument 'catkin_cmake_args' from command line to 'None'
[0.863s] Level 5:colcon.colcon_core.verb:set package 'learning_ros' build argument 'catkin_skip_building_tests' from command line to 'False'
[0.863s] DEBUG:colcon.colcon_core.verb:Building package 'learning_ros' with the following arguments: {'ament_cmake_args': None, 'build_base': '/home/mousa/rov_software_2026/build/learning_ros', 'catkin_cmake_args': None, 'catkin_skip_building_tests': False, 'cmake_args': None, 'cmake_clean_cache': False, 'cmake_clean_first': False, 'cmake_force_configure': False, 'cmake_target': None, 'cmake_target_skip_unavailable': False, 'install_base': '/home/mousa/rov_software_2026/install/learning_ros', 'merge_install': False, 'path': '/home/mousa/rov_software_2026/src/learning_ros', 'symlink_install': False, 'test_result_base': None}
[0.864s] INFO:colcon.colcon_core.executor:Executing jobs using 'parallel' executor
[0.866s] DEBUG:colcon.colcon_parallel_executor.executor.parallel:run_until_complete
[0.867s] INFO:colcon.colcon_ros.task.ament_python.build:Building ROS package in '/home/mousa/rov_software_2026/src/learning_ros' with build type 'ament_python'
[0.868s] Level 1:colcon.colcon_core.shell:create_environment_hook('learning_ros', 'ament_prefix_path')
[0.872s] INFO:colcon.colcon_core.plugin_system:Skipping extension 'colcon_core.shell.bat': Not used on non-Windows systems
[0.872s] INFO:colcon.colcon_core.shell:Creating environment hook '/home/mousa/rov_software_2026/install/learning_ros/share/learning_ros/hook/ament_prefix_path.ps1'
[0.874s] INFO:colcon.colcon_core.shell:Creating environment descriptor '/home/mousa/rov_software_2026/install/learning_ros/share/learning_ros/hook/ament_prefix_path.dsv'
[0.876s] INFO:colcon.colcon_core.shell:Creating environment hook '/home/mousa/rov_software_2026/install/learning_ros/share/learning_ros/hook/ament_prefix_path.sh'
[0.878s] INFO:colcon.colcon_core.shell:Skip shell extension 'powershell' for command environment: Not usable outside of PowerShell
[0.878s] DEBUG:colcon.colcon_core.shell:Skip shell extension 'dsv' for command environment
[1.500s] INFO:colcon.colcon_core.task.python.build:Building Python package in '/home/mousa/rov_software_2026/src/learning_ros'
[1.501s] INFO:colcon.colcon_core.shell:Skip shell extension 'powershell' for command environment: Not usable outside of PowerShell
[1.501s] DEBUG:colcon.colcon_core.shell:Skip shell extension 'dsv' for command environment
[2.275s] DEBUG:colcon.colcon_core.event_handler.log_command:Invoking command in '/home/mousa/rov_software_2026/src/learning_ros': PYTHONPATH=/home/mousa/rov_software_2026/build/learning_ros/prefix_override:/usr/lib/python3/dist-packages/colcon_core/task/python/colcon_distutils_commands:/home/mousa/rov_software_2026/install/learning_ros/lib/python3.10/site-packages:${PYTHONPATH} /usr/bin/python3 -W ignore:setup.py install is deprecated -W ignore:easy_install command is deprecated setup.py egg_info --egg-base ../../build/learning_ros build --build-base /home/mousa/rov_software_2026/build/learning_ros/build install --record /home/mousa/rov_software_2026/build/learning_ros/install.log --single-version-externally-managed install_data
[2.873s] DEBUG:colcon.colcon_core.event_handler.log_command:Invoked command in '/home/mousa/rov_software_2026/src/learning_ros' returned '0': PYTHONPATH=/home/mousa/rov_software_2026/build/learning_ros/prefix_override:/usr/lib/python3/dist-packages/colcon_core/task/python/colcon_distutils_commands:/home/mousa/rov_software_2026/install/learning_ros/lib/python3.10/site-packages:${PYTHONPATH} /usr/bin/python3 -W ignore:setup.py install is deprecated -W ignore:easy_install command is deprecated setup.py egg_info --egg-base ../../build/learning_ros build --build-base /home/mousa/rov_software_2026/build/learning_ros/build install --record /home/mousa/rov_software_2026/build/learning_ros/install.log --single-version-externally-managed install_data
[2.878s] Level 1:colcon.colcon_core.environment:checking '/home/mousa/rov_software_2026/install/learning_ros' for CMake module files
[2.879s] Level 1:colcon.colcon_core.environment:checking '/home/mousa/rov_software_2026/install/learning_ros' for CMake config files
[2.880s] Level 1:colcon.colcon_core.environment:checking '/home/mousa/rov_software_2026/install/learning_ros/lib'
[2.880s] Level 1:colcon.colcon_core.environment:checking '/home/mousa/rov_software_2026/install/learning_ros/bin'
[2.881s] Level 1:colcon.colcon_core.shell:create_environment_hook('learning_ros', 'path')
[2.881s] INFO:colcon.colcon_core.shell:Creating environment hook '/home/mousa/rov_software_2026/install/learning_ros/share/learning_ros/hook/path.ps1'
[2.882s] INFO:colcon.colcon_core.shell:Creating environment descriptor '/home/mousa/rov_software_2026/install/learning_ros/share/learning_ros/hook/path.dsv'
[2.883s] INFO:colcon.colcon_core.shell:Creating environment hook '/home/mousa/rov_software_2026/install/learning_ros/share/learning_ros/hook/path.sh'
[2.884s] Level 1:colcon.colcon_core.environment:checking '/home/mousa/rov_software_2026/install/learning_ros/lib/pkgconfig/learning_ros.pc'
[2.885s] Level 1:colcon.colcon_core.environment:checking '/home/mousa/rov_software_2026/install/learning_ros/lib/python3.10/site-packages'
[2.885s] Level 1:colcon.colcon_core.shell:create_environment_hook('learning_ros', 'pythonpath')
[2.886s] INFO:colcon.colcon_core.shell:Creating environment hook '/home/mousa/rov_software_2026/install/learning_ros/share/learning_ros/hook/pythonpath.ps1'
[2.887s] INFO:colcon.colcon_core.shell:Creating environment descriptor '/home/mousa/rov_software_2026/install/learning_ros/share/learning_ros/hook/pythonpath.dsv'
[2.888s] INFO:colcon.colcon_core.shell:Creating environment hook '/home/mousa/rov_software_2026/install/learning_ros/share/learning_ros/hook/pythonpath.sh'
[2.890s] Level 1:colcon.colcon_core.environment:checking '/home/mousa/rov_software_2026/install/learning_ros/bin'
[2.890s] Level 1:colcon.colcon_core.shell:create_environment_hook('learning_ros', 'pythonscriptspath')
[2.891s] INFO:colcon.colcon_core.shell:Creating environment hook '/home/mousa/rov_software_2026/install/learning_ros/share/learning_ros/hook/pythonscriptspath.ps1'
[2.891s] INFO:colcon.colcon_core.shell:Creating environment descriptor '/home/mousa/rov_software_2026/install/learning_ros/share/learning_ros/hook/pythonscriptspath.dsv'
[2.892s] INFO:colcon.colcon_core.shell:Creating environment hook '/home/mousa/rov_software_2026/install/learning_ros/share/learning_ros/hook/pythonscriptspath.sh'
[2.893s] Level 1:colcon.colcon_core.environment:create_environment_scripts_only(learning_ros)
[2.895s] INFO:colcon.colcon_core.shell:Creating package script '/home/mousa/rov_software_2026/install/learning_ros/share/learning_ros/package.ps1'
[2.897s] INFO:colcon.colcon_core.shell:Creating package descriptor '/home/mousa/rov_software_2026/install/learning_ros/share/learning_ros/package.dsv'
[2.898s] INFO:colcon.colcon_core.shell:Creating package script '/home/mousa/rov_software_2026/install/learning_ros/share/learning_ros/package.sh'
[2.901s] INFO:colcon.colcon_core.shell:Creating package script '/home/mousa/rov_software_2026/install/learning_ros/share/learning_ros/package.bash'
[2.904s] INFO:colcon.colcon_core.shell:Creating package script '/home/mousa/rov_software_2026/install/learning_ros/share/learning_ros/package.zsh'
[2.906s] Level 1:colcon.colcon_core.environment:create_file_with_runtime_dependencies(/home/mousa/rov_software_2026/install/learning_ros/share/colcon-core/packages/learning_ros)
[2.907s] DEBUG:colcon.colcon_parallel_executor.executor.parallel:closing loop
[2.908s] DEBUG:colcon.colcon_parallel_executor.executor.parallel:loop closed
[2.908s] DEBUG:colcon.colcon_parallel_executor.executor.parallel:run_until_complete finished with '0'
[2.909s] DEBUG:colcon.colcon_core.event_reactor:joining thread
[2.946s] INFO:colcon.colcon_core.plugin_system:Skipping extension 'colcon_notification.desktop_notification.notify_send': Could not find 'notify-send'
[2.946s] INFO:colcon.colcon_core.plugin_system:Skipping extension 'colcon_notification.desktop_notification.terminal_notifier': Not used on non-Darwin systems
[2.947s] INFO:colcon.colcon_core.plugin_system:Skipping extension 'colcon_notification.desktop_notification.win32': Not used on non-Windows systems
[2.947s] INFO:colcon.colcon_notification.desktop_notification:Sending desktop notification using 'notify2'
[2.947s] DEBUG:colcon.colcon_notification.desktop_notification.notify2:Failed to initialize notify2: org.freedesktop.DBus.Error.FileNotFound: Failed to connect to socket /run/user/1000/bus: No such file or directory
[2.947s] DEBUG:colcon.colcon_core.event_reactor:joined thread
[2.948s] INFO:colcon.colcon_core.shell:Creating prefix script '/home/mousa/rov_software_2026/install/local_setup.ps1'
[2.950s] INFO:colcon.colcon_core.shell:Creating prefix util module '/home/mousa/rov_software_2026/install/_local_setup_util_ps1.py'
[2.954s] INFO:colcon.colcon_core.shell:Creating prefix chain script '/home/mousa/rov_software_2026/install/setup.ps1'
[2.957s] INFO:colcon.colcon_core.shell:Creating prefix script '/home/mousa/rov_software_2026/install/local_setup.sh'
[2.959s] INFO:colcon.colcon_core.shell:Creating prefix util module '/home/mousa/rov_software_2026/install/_local_setup_util_sh.py'
[2.960s] INFO:colcon.colcon_core.shell:Creating prefix chain script '/home/mousa/rov_software_2026/install/setup.sh'
[2.963s] INFO:colcon.colcon_core.shell:Creating prefix script '/home/mousa/rov_software_2026/install/local_setup.bash'
[2.964s] INFO:colcon.colcon_core.shell:Creating prefix chain script '/home/mousa/rov_software_2026/install/setup.bash'
[2.967s] INFO:colcon.colcon_core.shell:Creating prefix script '/home/mousa/rov_software_2026/install/local_setup.zsh'
[2.968s] INFO:colcon.colcon_core.shell:Creating prefix chain script '/home/mousa/rov_software_2026/install/setup.zsh'
