running egg_info
creating ../build/my_talker/my_talker.egg-info
writing ../build/my_talker/my_talker.egg-info/PKG-INFO
writing dependency_links to ../build/my_talker/my_talker.egg-info/dependency_links.txt
writing entry points to ../build/my_talker/my_talker.egg-info/entry_points.txt
writing requirements to ../build/my_talker/my_talker.egg-info/requires.txt
writing top-level names to ../build/my_talker/my_talker.egg-info/top_level.txt
writing manifest file '../build/my_talker/my_talker.egg-info/SOURCES.txt'
reading manifest file '../build/my_talker/my_talker.egg-info/SOURCES.txt'
writing manifest file '../build/my_talker/my_talker.egg-info/SOURCES.txt'
running build
running build_py
creating /home/mousa/rov_software_2026/build/my_talker/build
creating /home/mousa/rov_software_2026/build/my_talker/build/lib
creating /home/mousa/rov_software_2026/build/my_talker/build/lib/my_talker
copying my_talker/__init__.py -> /home/mousa/rov_software_2026/build/my_talker/build/lib/my_talker
copying my_talker/talker.py -> /home/mousa/rov_software_2026/build/my_talker/build/lib/my_talker
copying my_talker/thrusterpower.py -> /home/mousa/rov_software_2026/build/my_talker/build/lib/my_talker
running install
running install_lib
creating /home/mousa/rov_software_2026/install/my_talker/lib/python3.10/site-packages/my_talker
copying /home/mousa/rov_software_2026/build/my_talker/build/lib/my_talker/__init__.py -> /home/mousa/rov_software_2026/install/my_talker/lib/python3.10/site-packages/my_talker
copying /home/mousa/rov_software_2026/build/my_talker/build/lib/my_talker/talker.py -> /home/mousa/rov_software_2026/install/my_talker/lib/python3.10/site-packages/my_talker
copying /home/mousa/rov_software_2026/build/my_talker/build/lib/my_talker/thrusterpower.py -> /home/mousa/rov_software_2026/install/my_talker/lib/python3.10/site-packages/my_talker
byte-compiling /home/mousa/rov_software_2026/install/my_talker/lib/python3.10/site-packages/my_talker/__init__.py to __init__.cpython-310.pyc
byte-compiling /home/mousa/rov_software_2026/install/my_talker/lib/python3.10/site-packages/my_talker/talker.py to talker.cpython-310.pyc
byte-compiling /home/mousa/rov_software_2026/install/my_talker/lib/python3.10/site-packages/my_talker/thrusterpower.py to thrusterpower.cpython-310.pyc
running install_data
creating /home/mousa/rov_software_2026/install/my_talker/share/ament_index
creating /home/mousa/rov_software_2026/install/my_talker/share/ament_index/resource_index
creating /home/mousa/rov_software_2026/install/my_talker/share/ament_index/resource_index/packages
copying resource/my_talker -> /home/mousa/rov_software_2026/install/my_talker/share/ament_index/resource_index/packages
copying package.xml -> /home/mousa/rov_software_2026/install/my_talker/share/my_talker
running install_egg_info
Copying ../build/my_talker/my_talker.egg-info to /home/mousa/rov_software_2026/install/my_talker/lib/python3.10/site-packages/my_talker-0.0.0-py3.10.egg-info
running install_scripts
Installing talker script to /home/mousa/rov_software_2026/install/my_talker/lib/my_talker
Installing thrusterpower script to /home/mousa/rov_software_2026/install/my_talker/lib/my_talker
writing list of installed files to '/home/mousa/rov_software_2026/build/my_talker/install.log'
