[1.807s] Invoking command in '/home/mousa/rov_software_2026/my_talker': PYTHONPATH=/home/mousa/rov_software_2026/build/my_talker/prefix_override:/usr/lib/python3/dist-packages/colcon_core/task/python/colcon_distutils_commands:/home/mousa/rov_software_2026/install/my_talker/lib/python3.10/site-packages: /usr/bin/python3 -W ignore:setup.py install is deprecated -W ignore:easy_install command is deprecated setup.py egg_info --egg-base ../build/my_talker build --build-base /home/mousa/rov_software_2026/build/my_talker/build install --record /home/mousa/rov_software_2026/build/my_talker/install.log --single-version-externally-managed install_data
[2.278s] running egg_info
[2.280s] creating ../build/my_talker/my_talker.egg-info
[2.282s] writing ../build/my_talker/my_talker.egg-info/PKG-INFO
[2.283s] writing dependency_links to ../build/my_talker/my_talker.egg-info/dependency_links.txt
[2.284s] writing entry points to ../build/my_talker/my_talker.egg-info/entry_points.txt
[2.284s] writing requirements to ../build/my_talker/my_talker.egg-info/requires.txt
[2.285s] writing top-level names to ../build/my_talker/my_talker.egg-info/top_level.txt
[2.286s] writing manifest file '../build/my_talker/my_talker.egg-info/SOURCES.txt'
[2.291s] reading manifest file '../build/my_talker/my_talker.egg-info/SOURCES.txt'
[2.293s] writing manifest file '../build/my_talker/my_talker.egg-info/SOURCES.txt'
[2.293s] running build
[2.293s] running build_py
[2.294s] creating /home/mousa/rov_software_2026/build/my_talker/build
[2.295s] creating /home/mousa/rov_software_2026/build/my_talker/build/lib
[2.296s] creating /home/mousa/rov_software_2026/build/my_talker/build/lib/my_talker
[2.297s] copying my_talker/__init__.py -> /home/mousa/rov_software_2026/build/my_talker/build/lib/my_talker
[2.297s] copying my_talker/talker.py -> /home/mousa/rov_software_2026/build/my_talker/build/lib/my_talker
[2.297s] copying my_talker/thrusterpower.py -> /home/mousa/rov_software_2026/build/my_talker/build/lib/my_talker
[2.298s] running install
[2.299s] running install_lib
[2.300s] creating /home/mousa/rov_software_2026/install/my_talker/lib/python3.10/site-packages/my_talker
[2.301s] copying /home/mousa/rov_software_2026/build/my_talker/build/lib/my_talker/__init__.py -> /home/mousa/rov_software_2026/install/my_talker/lib/python3.10/site-packages/my_talker
[2.301s] copying /home/mousa/rov_software_2026/build/my_talker/build/lib/my_talker/talker.py -> /home/mousa/rov_software_2026/install/my_talker/lib/python3.10/site-packages/my_talker
[2.302s] copying /home/mousa/rov_software_2026/build/my_talker/build/lib/my_talker/thrusterpower.py -> /home/mousa/rov_software_2026/install/my_talker/lib/python3.10/site-packages/my_talker
[2.305s] byte-compiling /home/mousa/rov_software_2026/install/my_talker/lib/python3.10/site-packages/my_talker/__init__.py to __init__.cpython-310.pyc
[2.307s] byte-compiling /home/mousa/rov_software_2026/install/my_talker/lib/python3.10/site-packages/my_talker/talker.py to talker.cpython-310.pyc
[2.309s] byte-compiling /home/mousa/rov_software_2026/install/my_talker/lib/python3.10/site-packages/my_talker/thrusterpower.py to thrusterpower.cpython-310.pyc
[2.310s] running install_data
[2.310s] creating /home/mousa/rov_software_2026/install/my_talker/share/ament_index
[2.311s] creating /home/mousa/rov_software_2026/install/my_talker/share/ament_index/resource_index
[2.312s] creating /home/mousa/rov_software_2026/install/my_talker/share/ament_index/resource_index/packages
[2.313s] copying resource/my_talker -> /home/mousa/rov_software_2026/install/my_talker/share/ament_index/resource_index/packages
[2.314s] copying package.xml -> /home/mousa/rov_software_2026/install/my_talker/share/my_talker
[2.314s] running install_egg_info
[2.319s] Copying ../build/my_talker/my_talker.egg-info to /home/mousa/rov_software_2026/install/my_talker/lib/python3.10/site-packages/my_talker-0.0.0-py3.10.egg-info
[2.324s] running install_scripts
[2.366s] Installing talker script to /home/mousa/rov_software_2026/install/my_talker/lib/my_talker
[2.368s] Installing thrusterpower script to /home/mousa/rov_software_2026/install/my_talker/lib/my_talker
[2.369s] writing list of installed files to '/home/mousa/rov_software_2026/build/my_talker/install.log'
[2.417s] Invoked command in '/home/mousa/rov_software_2026/my_talker' returned '0': PYTHONPATH=/home/mousa/rov_software_2026/build/my_talker/prefix_override:/usr/lib/python3/dist-packages/colcon_core/task/python/colcon_distutils_commands:/home/mousa/rov_software_2026/install/my_talker/lib/python3.10/site-packages: /usr/bin/python3 -W ignore:setup.py install is deprecated -W ignore:easy_install command is deprecated setup.py egg_info --egg-base ../build/my_talker build --build-base /home/mousa/rov_software_2026/build/my_talker/build install --record /home/mousa/rov_software_2026/build/my_talker/install.log --single-version-externally-managed install_data
