[0.790s] Invoking command in '/home/mousa/rov_software_2026/src/controller': PYTHONPATH=/home/mousa/rov_software_2026/build/controller/prefix_override:/usr/lib/python3/dist-packages/colcon_core/task/python/colcon_distutils_commands:/home/mousa/rov_software_2026/install/controller/lib/python3.10/site-packages:${PYTHONPATH} /usr/bin/python3 -W ignore:setup.py install is deprecated -W ignore:easy_install command is deprecated setup.py egg_info --egg-base ../../build/controller build --build-base /home/mousa/rov_software_2026/build/controller/build install --record /home/mousa/rov_software_2026/build/controller/install.log --single-version-externally-managed install_data
[1.007s] running egg_info
[1.008s] creating ../../build/controller/controller.egg-info
[1.008s] writing ../../build/controller/controller.egg-info/PKG-INFO
[1.009s] writing dependency_links to ../../build/controller/controller.egg-info/dependency_links.txt
[1.009s] writing entry points to ../../build/controller/controller.egg-info/entry_points.txt
[1.009s] writing requirements to ../../build/controller/controller.egg-info/requires.txt
[1.009s] writing top-level names to ../../build/controller/controller.egg-info/top_level.txt
[1.009s] writing manifest file '../../build/controller/controller.egg-info/SOURCES.txt'
[1.011s] reading manifest file '../../build/controller/controller.egg-info/SOURCES.txt'
[1.012s] writing manifest file '../../build/controller/controller.egg-info/SOURCES.txt'
[1.012s] running build
[1.012s] running build_py
[1.012s] creating /home/mousa/rov_software_2026/build/controller/build
[1.013s] creating /home/mousa/rov_software_2026/build/controller/build/lib
[1.013s] creating /home/mousa/rov_software_2026/build/controller/build/lib/controller
[1.014s] copying controller/joy_inspector_node.py -> /home/mousa/rov_software_2026/build/controller/build/lib/controller
[1.015s] copying controller/__init__.py -> /home/mousa/rov_software_2026/build/controller/build/lib/controller
[1.015s] copying controller/joy_node.py -> /home/mousa/rov_software_2026/build/controller/build/lib/controller
[1.016s] running install
[1.017s] running install_lib
[1.018s] creating /home/mousa/rov_software_2026/install/controller/lib/python3.10/site-packages/controller
[1.019s] copying /home/mousa/rov_software_2026/build/controller/build/lib/controller/joy_inspector_node.py -> /home/mousa/rov_software_2026/install/controller/lib/python3.10/site-packages/controller
[1.020s] copying /home/mousa/rov_software_2026/build/controller/build/lib/controller/__init__.py -> /home/mousa/rov_software_2026/install/controller/lib/python3.10/site-packages/controller
[1.020s] copying /home/mousa/rov_software_2026/build/controller/build/lib/controller/joy_node.py -> /home/mousa/rov_software_2026/install/controller/lib/python3.10/site-packages/controller
[1.020s] byte-compiling /home/mousa/rov_software_2026/install/controller/lib/python3.10/site-packages/controller/joy_inspector_node.py to joy_inspector_node.cpython-310.pyc
[1.022s] byte-compiling /home/mousa/rov_software_2026/install/controller/lib/python3.10/site-packages/controller/__init__.py to __init__.cpython-310.pyc
[1.022s] byte-compiling /home/mousa/rov_software_2026/install/controller/lib/python3.10/site-packages/controller/joy_node.py to joy_node.cpython-310.pyc
[1.023s] running install_data
[1.023s] creating /home/mousa/rov_software_2026/install/controller/share/ament_index
[1.023s] creating /home/mousa/rov_software_2026/install/controller/share/ament_index/resource_index
[1.024s] creating /home/mousa/rov_software_2026/install/controller/share/ament_index/resource_index/packages
[1.024s] copying resource/controller -> /home/mousa/rov_software_2026/install/controller/share/ament_index/resource_index/packages
[1.024s] copying package.xml -> /home/mousa/rov_software_2026/install/controller/share/controller
[1.024s] running install_egg_info
[1.027s] Copying ../../build/controller/controller.egg-info to /home/mousa/rov_software_2026/install/controller/lib/python3.10/site-packages/controller-0.0.1-py3.10.egg-info
[1.028s] running install_scripts
[1.051s] Installing controller_joy_inspector script to /home/mousa/rov_software_2026/install/controller/bin
[1.052s] Installing controller_joy_node script to /home/mousa/rov_software_2026/install/controller/bin
[1.053s] writing list of installed files to '/home/mousa/rov_software_2026/build/controller/install.log'
[1.084s] Invoked command in '/home/mousa/rov_software_2026/src/controller' returned '0': PYTHONPATH=/home/mousa/rov_software_2026/build/controller/prefix_override:/usr/lib/python3/dist-packages/colcon_core/task/python/colcon_distutils_commands:/home/mousa/rov_software_2026/install/controller/lib/python3.10/site-packages:${PYTHONPATH} /usr/bin/python3 -W ignore:setup.py install is deprecated -W ignore:easy_install command is deprecated setup.py egg_info --egg-base ../../build/controller build --build-base /home/mousa/rov_software_2026/build/controller/build install --record /home/mousa/rov_software_2026/build/controller/install.log --single-version-externally-managed install_data
