[0.219s] DEBUG:colcon:Command line arguments: ['/usr/bin/colcon', 'build', '--symlink-install']
[0.219s] DEBUG:colcon:Parsed command line arguments: Namespace(log_base=None, log_level=None, verb_name='build', build_base='build', install_base='install', merge_install=False, symlink_install=True, test_result_base=None, continue_on_error=False, executor='parallel', parallel_workers=16, event_handlers=None, ignore_user_meta=False, metas=['./colcon.meta'], base_paths=['.'], packages_ignore=None, packages_ignore_regex=None, paths=None, packages_up_to=None, packages_up_to_regex=None, packages_above=None, packages_above_and_dependencies=None, packages_above_depth=None, packages_select_by_dep=None, packages_skip_by_dep=None, packages_skip_up_to=None, packages_select_build_failed=False, packages_skip_build_finished=False, packages_select_test_failures=False, packages_skip_test_passed=False, packages_select=None, packages_skip=None, packages_select_regex=None, packages_skip_regex=None, packages_start=None, packages_end=None, allow_overriding=[], cmake_args=None, cmake_target=None, cmake_target_skip_unavailable=False, cmake_clean_cache=False, cmake_clean_first=False, cmake_force_configure=False, ament_cmake_args=None, catkin_cmake_args=None, catkin_skip_building_tests=False, verb_parser=<colcon_defaults.argument_parser.defaults.DefaultArgumentsDecorator object at 0x715e46a50850>, verb_extension=<colcon_core.verb.build.BuildVerb object at 0x715e46a50100>, main=<bound method BuildVerb.main of <colcon_core.verb.build.BuildVerb object at 0x715e46a50100>>)
[0.532s] Level 1:colcon.colcon_core.package_discovery:discover_packages(colcon_meta) check parameters
[0.532s] Level 1:colcon.colcon_core.package_discovery:discover_packages(recursive) check parameters
[0.532s] Level 1:colcon.colcon_core.package_discovery:discover_packages(ignore) check parameters
[0.532s] Level 1:colcon.colcon_core.package_discovery:discover_packages(path) check parameters
[0.532s] Level 1:colcon.colcon_core.package_discovery:discover_packages(colcon_meta) discover
[0.532s] Level 1:colcon.colcon_core.package_discovery:discover_packages(recursive) discover
[0.532s] INFO:colcon.colcon_core.package_discovery:Crawling recursively for packages in '/home/mousa/rov_software_2026'
[0.532s] Level 1:colcon.colcon_core.package_identification:_identify(.) by extensions ['ignore', 'ignore_ament_install']
[0.532s] Level 1:colcon.colcon_core.package_identification:_identify(.) by extension 'ignore'
[0.532s] Level 1:colcon.colcon_core.package_identification:_identify(.) by extension 'ignore_ament_install'
[0.532s] Level 1:colcon.colcon_core.package_identification:_identify(.) by extensions ['colcon_pkg']
[0.532s] Level 1:colcon.colcon_core.package_identification:_identify(.) by extension 'colcon_pkg'
[0.532s] Level 1:colcon.colcon_core.package_identification:_identify(.) by extensions ['colcon_meta']
[0.532s] Level 1:colcon.colcon_core.package_identification:_identify(.) by extension 'colcon_meta'
[0.532s] Level 1:colcon.colcon_core.package_identification:_identify(.) by extensions ['ros']
[0.532s] Level 1:colcon.colcon_core.package_identification:_identify(.) by extension 'ros'
[0.547s] Level 1:colcon.colcon_core.package_identification:_identify(.) by extensions ['cmake', 'python']
[0.547s] Level 1:colcon.colcon_core.package_identification:_identify(.) by extension 'cmake'
[0.547s] Level 1:colcon.colcon_core.package_identification:_identify(.) by extension 'python'
[0.547s] Level 1:colcon.colcon_core.package_identification:_identify(.) by extensions ['python_setup_py']
[0.547s] Level 1:colcon.colcon_core.package_identification:_identify(.) by extension 'python_setup_py'
[0.547s] Level 1:colcon.colcon_core.package_identification:_identify(build) by extensions ['ignore', 'ignore_ament_install']
[0.548s] Level 1:colcon.colcon_core.package_identification:_identify(build) by extension 'ignore'
[0.548s] Level 1:colcon.colcon_core.package_identification:_identify(build) ignored
[0.548s] Level 1:colcon.colcon_core.package_identification:_identify(install) by extensions ['ignore', 'ignore_ament_install']
[0.548s] Level 1:colcon.colcon_core.package_identification:_identify(install) by extension 'ignore'
[0.548s] Level 1:colcon.colcon_core.package_identification:_identify(install) ignored
[0.548s] Level 1:colcon.colcon_core.package_identification:_identify(log) by extensions ['ignore', 'ignore_ament_install']
[0.548s] Level 1:colcon.colcon_core.package_identification:_identify(log) by extension 'ignore'
[0.548s] Level 1:colcon.colcon_core.package_identification:_identify(log) ignored
[0.548s] Level 1:colcon.colcon_core.package_identification:_identify(src) by extensions ['ignore', 'ignore_ament_install']
[0.548s] Level 1:colcon.colcon_core.package_identification:_identify(src) by extension 'ignore'
[0.548s] Level 1:colcon.colcon_core.package_identification:_identify(src) by extension 'ignore_ament_install'
[0.548s] Level 1:colcon.colcon_core.package_identification:_identify(src) by extensions ['colcon_pkg']
[0.548s] Level 1:colcon.colcon_core.package_identification:_identify(src) by extension 'colcon_pkg'
[0.548s] Level 1:colcon.colcon_core.package_identification:_identify(src) by extensions ['colcon_meta']
[0.548s] Level 1:colcon.colcon_core.package_identification:_identify(src) by extension 'colcon_meta'
[0.548s] Level 1:colcon.colcon_core.package_identification:_identify(src) by extensions ['ros']
[0.548s] Level 1:colcon.colcon_core.package_identification:_identify(src) by extension 'ros'
[0.549s] Level 1:colcon.colcon_core.package_identification:_identify(src) by extensions ['cmake', 'python']
[0.549s] Level 1:colcon.colcon_core.package_identification:_identify(src) by extension 'cmake'
[0.549s] Level 1:colcon.colcon_core.package_identification:_identify(src) by extension 'python'
[0.549s] Level 1:colcon.colcon_core.package_identification:_identify(src) by extensions ['python_setup_py']
[0.549s] Level 1:colcon.colcon_core.package_identification:_identify(src) by extension 'python_setup_py'
[0.549s] Level 1:colcon.colcon_core.package_identification:_identify(src/ThrusterMapperNode) by extensions ['ignore', 'ignore_ament_install']
[0.549s] Level 1:colcon.colcon_core.package_identification:_identify(src/ThrusterMapperNode) by extension 'ignore'
[0.549s] Level 1:colcon.colcon_core.package_identification:_identify(src/ThrusterMapperNode) by extension 'ignore_ament_install'
[0.549s] Level 1:colcon.colcon_core.package_identification:_identify(src/ThrusterMapperNode) by extensions ['colcon_pkg']
[0.549s] Level 1:colcon.colcon_core.package_identification:_identify(src/ThrusterMapperNode) by extension 'colcon_pkg'
[0.549s] Level 1:colcon.colcon_core.package_identification:_identify(src/ThrusterMapperNode) by extensions ['colcon_meta']
[0.549s] Level 1:colcon.colcon_core.package_identification:_identify(src/ThrusterMapperNode) by extension 'colcon_meta'
[0.549s] Level 1:colcon.colcon_core.package_identification:_identify(src/ThrusterMapperNode) by extensions ['ros']
[0.549s] Level 1:colcon.colcon_core.package_identification:_identify(src/ThrusterMapperNode) by extension 'ros'
[0.549s] Level 1:colcon.colcon_core.package_identification:_identify(src/ThrusterMapperNode) by extensions ['cmake', 'python']
[0.549s] Level 1:colcon.colcon_core.package_identification:_identify(src/ThrusterMapperNode) by extension 'cmake'
[0.549s] Level 1:colcon.colcon_core.package_identification:_identify(src/ThrusterMapperNode) by extension 'python'
[0.549s] Level 1:colcon.colcon_core.package_identification:_identify(src/ThrusterMapperNode) by extensions ['python_setup_py']
[0.549s] Level 1:colcon.colcon_core.package_identification:_identify(src/ThrusterMapperNode) by extension 'python_setup_py'
[0.549s] Level 1:colcon.colcon_core.package_identification:_identify(src/controller) by extensions ['ignore', 'ignore_ament_install']
[0.549s] Level 1:colcon.colcon_core.package_identification:_identify(src/controller) by extension 'ignore'
[0.550s] Level 1:colcon.colcon_core.package_identification:_identify(src/controller) by extension 'ignore_ament_install'
[0.550s] Level 1:colcon.colcon_core.package_identification:_identify(src/controller) by extensions ['colcon_pkg']
[0.550s] Level 1:colcon.colcon_core.package_identification:_identify(src/controller) by extension 'colcon_pkg'
[0.550s] Level 1:colcon.colcon_core.package_identification:_identify(src/controller) by extensions ['colcon_meta']
[0.550s] Level 1:colcon.colcon_core.package_identification:_identify(src/controller) by extension 'colcon_meta'
[0.550s] Level 1:colcon.colcon_core.package_identification:_identify(src/controller) by extensions ['ros']
[0.550s] Level 1:colcon.colcon_core.package_identification:_identify(src/controller) by extension 'ros'
[0.553s] DEBUG:colcon.colcon_core.package_identification:Package 'src/controller' with type 'ros.ament_python' and name 'controller'
[0.553s] Level 1:colcon.colcon_core.package_identification:_identify(src/learning_ros) by extensions ['ignore', 'ignore_ament_install']
[0.553s] Level 1:colcon.colcon_core.package_identification:_identify(src/learning_ros) by extension 'ignore'
[0.553s] Level 1:colcon.colcon_core.package_identification:_identify(src/learning_ros) by extension 'ignore_ament_install'
[0.553s] Level 1:colcon.colcon_core.package_identification:_identify(src/learning_ros) by extensions ['colcon_pkg']
[0.553s] Level 1:colcon.colcon_core.package_identification:_identify(src/learning_ros) by extension 'colcon_pkg'
[0.553s] Level 1:colcon.colcon_core.package_identification:_identify(src/learning_ros) by extensions ['colcon_meta']
[0.553s] Level 1:colcon.colcon_core.package_identification:_identify(src/learning_ros) by extension 'colcon_meta'
[0.554s] Level 1:colcon.colcon_core.package_identification:_identify(src/learning_ros) by extensions ['ros']
[0.554s] Level 1:colcon.colcon_core.package_identification:_identify(src/learning_ros) by extension 'ros'
[0.554s] DEBUG:colcon.colcon_core.package_identification:Package 'src/learning_ros' with type 'ros.ament_python' and name 'learning_ros'
[0.555s] Level 1:colcon.colcon_core.package_identification:_identify(src/my_talker) by extensions ['ignore', 'ignore_ament_install']
[0.555s] Level 1:colcon.colcon_core.package_identification:_identify(src/my_talker) by extension 'ignore'
[0.555s] Level 1:colcon.colcon_core.package_identification:_identify(src/my_talker) by extension 'ignore_ament_install'
[0.555s] Level 1:colcon.colcon_core.package_identification:_identify(src/my_talker) by extensions ['colcon_pkg']
[0.555s] Level 1:colcon.colcon_core.package_identification:_identify(src/my_talker) by extension 'colcon_pkg'
[0.555s] Level 1:colcon.colcon_core.package_identification:_identify(src/my_talker) by extensions ['colcon_meta']
[0.555s] Level 1:colcon.colcon_core.package_identification:_identify(src/my_talker) by extension 'colcon_meta'
[0.555s] Level 1:colcon.colcon_core.package_identification:_identify(src/my_talker) by extensions ['ros']
[0.555s] Level 1:colcon.colcon_core.package_identification:_identify(src/my_talker) by extension 'ros'
[0.556s] DEBUG:colcon.colcon_core.package_identification:Package 'src/my_talker' with type 'ros.ament_python' and name 'my_talker'
[0.556s] Level 1:colcon.colcon_core.package_identification:_identify(src/src) by extensions ['ignore', 'ignore_ament_install']
[0.556s] Level 1:colcon.colcon_core.package_identification:_identify(src/src) by extension 'ignore'
[0.556s] Level 1:colcon.colcon_core.package_identification:_identify(src/src) by extension 'ignore_ament_install'
[0.556s] Level 1:colcon.colcon_core.package_identification:_identify(src/src) by extensions ['colcon_pkg']
[0.556s] Level 1:colcon.colcon_core.package_identification:_identify(src/src) by extension 'colcon_pkg'
[0.556s] Level 1:colcon.colcon_core.package_identification:_identify(src/src) by extensions ['colcon_meta']
[0.556s] Level 1:colcon.colcon_core.package_identification:_identify(src/src) by extension 'colcon_meta'
[0.556s] Level 1:colcon.colcon_core.package_identification:_identify(src/src) by extensions ['ros']
[0.556s] Level 1:colcon.colcon_core.package_identification:_identify(src/src) by extension 'ros'
[0.556s] Level 1:colcon.colcon_core.package_identification:_identify(src/src) by extensions ['cmake', 'python']
[0.556s] Level 1:colcon.colcon_core.package_identification:_identify(src/src) by extension 'cmake'
[0.556s] Level 1:colcon.colcon_core.package_identification:_identify(src/src) by extension 'python'
[0.556s] Level 1:colcon.colcon_core.package_identification:_identify(src/src) by extensions ['python_setup_py']
[0.556s] Level 1:colcon.colcon_core.package_identification:_identify(src/src) by extension 'python_setup_py'
[0.556s] Level 1:colcon.colcon_core.package_identification:_identify(src/src/learning_ros) by extensions ['ignore', 'ignore_ament_install']
[0.556s] Level 1:colcon.colcon_core.package_identification:_identify(src/src/learning_ros) by extension 'ignore'
[0.556s] Level 1:colcon.colcon_core.package_identification:_identify(src/src/learning_ros) by extension 'ignore_ament_install'
[0.556s] Level 1:colcon.colcon_core.package_identification:_identify(src/src/learning_ros) by extensions ['colcon_pkg']
[0.557s] Level 1:colcon.colcon_core.package_identification:_identify(src/src/learning_ros) by extension 'colcon_pkg'
[0.557s] Level 1:colcon.colcon_core.package_identification:_identify(src/src/learning_ros) by extensions ['colcon_meta']
[0.557s] Level 1:colcon.colcon_core.package_identification:_identify(src/src/learning_ros) by extension 'colcon_meta'
[0.557s] Level 1:colcon.colcon_core.package_identification:_identify(src/src/learning_ros) by extensions ['ros']
[0.557s] Level 1:colcon.colcon_core.package_identification:_identify(src/src/learning_ros) by extension 'ros'
[0.557s] Level 1:colcon.colcon_core.package_identification:_identify(src/src/learning_ros) by extensions ['cmake', 'python']
[0.557s] Level 1:colcon.colcon_core.package_identification:_identify(src/src/learning_ros) by extension 'cmake'
[0.557s] Level 1:colcon.colcon_core.package_identification:_identify(src/src/learning_ros) by extension 'python'
[0.557s] Level 1:colcon.colcon_core.package_identification:_identify(src/src/learning_ros) by extensions ['python_setup_py']
[0.557s] Level 1:colcon.colcon_core.package_identification:_identify(src/src/learning_ros) by extension 'python_setup_py'
[0.557s] Level 1:colcon.colcon_core.package_identification:_identify(src/src/learning_ros/learning_ros) by extensions ['ignore', 'ignore_ament_install']
[0.557s] Level 1:colcon.colcon_core.package_identification:_identify(src/src/learning_ros/learning_ros) by extension 'ignore'
[0.557s] Level 1:colcon.colcon_core.package_identification:_identify(src/src/learning_ros/learning_ros) by extension 'ignore_ament_install'
[0.557s] Level 1:colcon.colcon_core.package_identification:_identify(src/src/learning_ros/learning_ros) by extensions ['colcon_pkg']
[0.557s] Level 1:colcon.colcon_core.package_identification:_identify(src/src/learning_ros/learning_ros) by extension 'colcon_pkg'
[0.557s] Level 1:colcon.colcon_core.package_identification:_identify(src/src/learning_ros/learning_ros) by extensions ['colcon_meta']
[0.557s] Level 1:colcon.colcon_core.package_identification:_identify(src/src/learning_ros/learning_ros) by extension 'colcon_meta'
[0.557s] Level 1:colcon.colcon_core.package_identification:_identify(src/src/learning_ros/learning_ros) by extensions ['ros']
[0.557s] Level 1:colcon.colcon_core.package_identification:_identify(src/src/learning_ros/learning_ros) by extension 'ros'
[0.557s] Level 1:colcon.colcon_core.package_identification:_identify(src/src/learning_ros/learning_ros) by extensions ['cmake', 'python']
[0.557s] Level 1:colcon.colcon_core.package_identification:_identify(src/src/learning_ros/learning_ros) by extension 'cmake'
[0.557s] Level 1:colcon.colcon_core.package_identification:_identify(src/src/learning_ros/learning_ros) by extension 'python'
[0.557s] Level 1:colcon.colcon_core.package_identification:_identify(src/src/learning_ros/learning_ros) by extensions ['python_setup_py']
[0.557s] Level 1:colcon.colcon_core.package_identification:_identify(src/src/learning_ros/learning_ros) by extension 'python_setup_py'
[0.557s] Level 1:colcon.colcon_core.package_discovery:discover_packages(recursive) using defaults
[0.557s] Level 1:colcon.colcon_core.package_discovery:discover_packages(ignore) discover
[0.558s] Level 1:colcon.colcon_core.package_discovery:discover_packages(ignore) using defaults
[0.558s] Level 1:colcon.colcon_core.package_discovery:discover_packages(path) discover
[0.558s] Level 1:colcon.colcon_core.package_discovery:discover_packages(path) using defaults
[0.588s] Level 1:colcon.colcon_core.package_discovery:discover_packages(prefix_path) check parameters
[0.588s] Level 1:colcon.colcon_core.package_discovery:discover_packages(prefix_path) discover
[0.591s] DEBUG:colcon.colcon_installed_package_information.package_discovery:Found 3 installed packages in /home/mousa/rov_software_2026/install
[0.593s] DEBUG:colcon.colcon_installed_package_information.package_discovery:Found 271 installed packages in /opt/ros/humble
[0.595s] Level 1:colcon.colcon_core.package_discovery:discover_packages(prefix_path) using defaults
[0.686s] Level 5:colcon.colcon_core.verb:set package 'controller' build argument 'cmake_args' from command line to 'None'
[0.686s] Level 5:colcon.colcon_core.verb:set package 'controller' build argument 'cmake_target' from command line to 'None'
[0.686s] Level 5:colcon.colcon_core.verb:set package 'controller' build argument 'cmake_target_skip_unavailable' from command line to 'False'
[0.686s] Level 5:colcon.colcon_core.verb:set package 'controller' build argument 'cmake_clean_cache' from command line to 'False'
[0.686s] Level 5:colcon.colcon_core.verb:set package 'controller' build argument 'cmake_clean_first' from command line to 'False'
[0.686s] Level 5:colcon.colcon_core.verb:set package 'controller' build argument 'cmake_force_configure' from command line to 'False'
[0.686s] Level 5:colcon.colcon_core.verb:set package 'controller' build argument 'ament_cmake_args' from command line to 'None'
[0.686s] Level 5:colcon.colcon_core.verb:set package 'controller' build argument 'catkin_cmake_args' from command line to 'None'
[0.686s] Level 5:colcon.colcon_core.verb:set package 'controller' build argument 'catkin_skip_building_tests' from command line to 'False'
[0.686s] DEBUG:colcon.colcon_core.verb:Building package 'controller' with the following arguments: {'ament_cmake_args': None, 'build_base': '/home/mousa/rov_software_2026/build/controller', 'catkin_cmake_args': None, 'catkin_skip_building_tests': False, 'cmake_args': None, 'cmake_clean_cache': False, 'cmake_clean_first': False, 'cmake_force_configure': False, 'cmake_target': None, 'cmake_target_skip_unavailable': False, 'install_base': '/home/mousa/rov_software_2026/install/controller', 'merge_install': False, 'path': '/home/mousa/rov_software_2026/src/controller', 'symlink_install': True, 'test_result_base': None}
[0.686s] Level 5:colcon.colcon_core.verb:set package 'learning_ros' build argument 'cmake_args' from command line to 'None'
[0.686s] Level 5:colcon.colcon_core.verb:set package 'learning_ros' build argument 'cmake_target' from command line to 'None'
[0.687s] Level 5:colcon.colcon_core.verb:set package 'learning_ros' build argument 'cmake_target_skip_unavailable' from command line to 'False'
[0.687s] Level 5:colcon.colcon_core.verb:set package 'learning_ros' build argument 'cmake_clean_cache' from command line to 'False'
[0.687s] Level 5:colcon.colcon_core.verb:set package 'learning_ros' build argument 'cmake_clean_first' from command line to 'False'
[0.687s] Level 5:colcon.colcon_core.verb:set package 'learning_ros' build argument 'cmake_force_configure' from command line to 'False'
[0.687s] Level 5:colcon.colcon_core.verb:set package 'learning_ros' build argument 'ament_cmake_args' from command line to 'None'
[0.687s] Level 5:colcon.colcon_core.verb:set package 'learning_ros' build argument 'catkin_cmake_args' from command line to 'None'
[0.687s] Level 5:colcon.colcon_core.verb:set package 'learning_ros' build argument 'catkin_skip_building_tests' from command line to 'False'
[0.687s] DEBUG:colcon.colcon_core.verb:Building package 'learning_ros' with the following arguments: {'ament_cmake_args': None, 'build_base': '/home/mousa/rov_software_2026/build/learning_ros', 'catkin_cmake_args': None, 'catkin_skip_building_tests': False, 'cmake_args': None, 'cmake_clean_cache': False, 'cmake_clean_first': False, 'cmake_force_configure': False, 'cmake_target': None, 'cmake_target_skip_unavailable': False, 'install_base': '/home/mousa/rov_software_2026/install/learning_ros', 'merge_install': False, 'path': '/home/mousa/rov_software_2026/src/learning_ros', 'symlink_install': True, 'test_result_base': None}
[0.687s] Level 5:colcon.colcon_core.verb:set package 'my_talker' build argument 'cmake_args' from command line to 'None'
[0.687s] Level 5:colcon.colcon_core.verb:set package 'my_talker' build argument 'cmake_target' from command line to 'None'
[0.687s] Level 5:colcon.colcon_core.verb:set package 'my_talker' build argument 'cmake_target_skip_unavailable' from command line to 'False'
[0.687s] Level 5:colcon.colcon_core.verb:set package 'my_talker' build argument 'cmake_clean_cache' from command line to 'False'
[0.687s] Level 5:colcon.colcon_core.verb:set package 'my_talker' build argument 'cmake_clean_first' from command line to 'False'
[0.687s] Level 5:colcon.colcon_core.verb:set package 'my_talker' build argument 'cmake_force_configure' from command line to 'False'
[0.687s] Level 5:colcon.colcon_core.verb:set package 'my_talker' build argument 'ament_cmake_args' from command line to 'None'
[0.687s] Level 5:colcon.colcon_core.verb:set package 'my_talker' build argument 'catkin_cmake_args' from command line to 'None'
[0.687s] Level 5:colcon.colcon_core.verb:set package 'my_talker' build argument 'catkin_skip_building_tests' from command line to 'False'
[0.687s] DEBUG:colcon.colcon_core.verb:Building package 'my_talker' with the following arguments: {'ament_cmake_args': None, 'build_base': '/home/mousa/rov_software_2026/build/my_talker', 'catkin_cmake_args': None, 'catkin_skip_building_tests': False, 'cmake_args': None, 'cmake_clean_cache': False, 'cmake_clean_first': False, 'cmake_force_configure': False, 'cmake_target': None, 'cmake_target_skip_unavailable': False, 'install_base': '/home/mousa/rov_software_2026/install/my_talker', 'merge_install': False, 'path': '/home/mousa/rov_software_2026/src/my_talker', 'symlink_install': True, 'test_result_base': None}
[0.687s] INFO:colcon.colcon_core.executor:Executing jobs using 'parallel' executor
[0.688s] DEBUG:colcon.colcon_parallel_executor.executor.parallel:run_until_complete
[0.689s] INFO:colcon.colcon_ros.task.ament_python.build:Building ROS package in '/home/mousa/rov_software_2026/src/controller' with build type 'ament_python'
[0.689s] Level 1:colcon.colcon_core.shell:create_environment_hook('controller', 'ament_prefix_path')
[0.694s] INFO:colcon.colcon_core.plugin_system:Skipping extension 'colcon_core.shell.bat': Not used on non-Windows systems
[0.694s] INFO:colcon.colcon_core.shell:Creating environment hook '/home/mousa/rov_software_2026/install/controller/share/controller/hook/ament_prefix_path.ps1'
[0.696s] INFO:colcon.colcon_core.shell:Creating environment descriptor '/home/mousa/rov_software_2026/install/controller/share/controller/hook/ament_prefix_path.dsv'
[0.697s] INFO:colcon.colcon_core.shell:Creating environment hook '/home/mousa/rov_software_2026/install/controller/share/controller/hook/ament_prefix_path.sh'
[0.697s] INFO:colcon.colcon_core.shell:Skip shell extension 'powershell' for command environment: Not usable outside of PowerShell
[0.698s] DEBUG:colcon.colcon_core.shell:Skip shell extension 'dsv' for command environment
[0.701s] INFO:colcon.colcon_ros.task.ament_python.build:Building ROS package in '/home/mousa/rov_software_2026/src/learning_ros' with build type 'ament_python'
[0.701s] Level 1:colcon.colcon_core.shell:create_environment_hook('learning_ros', 'ament_prefix_path')
[0.701s] INFO:colcon.colcon_core.shell:Creating environment hook '/home/mousa/rov_software_2026/install/learning_ros/share/learning_ros/hook/ament_prefix_path.ps1'
[0.703s] INFO:colcon.colcon_core.shell:Creating environment descriptor '/home/mousa/rov_software_2026/install/learning_ros/share/learning_ros/hook/ament_prefix_path.dsv'
[0.703s] INFO:colcon.colcon_core.shell:Creating environment hook '/home/mousa/rov_software_2026/install/learning_ros/share/learning_ros/hook/ament_prefix_path.sh'
[0.704s] INFO:colcon.colcon_core.shell:Skip shell extension 'powershell' for command environment: Not usable outside of PowerShell
[0.704s] DEBUG:colcon.colcon_core.shell:Skip shell extension 'dsv' for command environment
[0.707s] INFO:colcon.colcon_ros.task.ament_python.build:Building ROS package in '/home/mousa/rov_software_2026/src/my_talker' with build type 'ament_python'
[0.707s] Level 1:colcon.colcon_core.shell:create_environment_hook('my_talker', 'ament_prefix_path')
[0.707s] INFO:colcon.colcon_core.shell:Creating environment hook '/home/mousa/rov_software_2026/install/my_talker/share/my_talker/hook/ament_prefix_path.ps1'
[0.708s] INFO:colcon.colcon_core.shell:Creating environment descriptor '/home/mousa/rov_software_2026/install/my_talker/share/my_talker/hook/ament_prefix_path.dsv'
[0.708s] INFO:colcon.colcon_core.shell:Creating environment hook '/home/mousa/rov_software_2026/install/my_talker/share/my_talker/hook/ament_prefix_path.sh'
[0.709s] INFO:colcon.colcon_core.shell:Skip shell extension 'powershell' for command environment: Not usable outside of PowerShell
[0.709s] DEBUG:colcon.colcon_core.shell:Skip shell extension 'dsv' for command environment
[0.953s] INFO:colcon.colcon_core.task.python.build:Building Python package in '/home/mousa/rov_software_2026/src/controller'
[0.953s] INFO:colcon.colcon_core.shell:Skip shell extension 'powershell' for command environment: Not usable outside of PowerShell
[0.953s] DEBUG:colcon.colcon_core.shell:Skip shell extension 'dsv' for command environment
[1.173s] INFO:colcon.colcon_core.task.python.build:Building Python package in '/home/mousa/rov_software_2026/src/learning_ros'
[1.174s] INFO:colcon.colcon_core.shell:Skip shell extension 'powershell' for command environment: Not usable outside of PowerShell
[1.174s] DEBUG:colcon.colcon_core.shell:Skip shell extension 'dsv' for command environment
[1.403s] INFO:colcon.colcon_core.task.python.build:Building Python package in '/home/mousa/rov_software_2026/src/my_talker'
[1.403s] INFO:colcon.colcon_core.shell:Skip shell extension 'powershell' for command environment: Not usable outside of PowerShell
[1.403s] DEBUG:colcon.colcon_core.shell:Skip shell extension 'dsv' for command environment
[1.929s] DEBUG:colcon.colcon_core.event_handler.log_command:Invoking command in '/home/mousa/rov_software_2026/build/controller': PYTHONPATH=/home/mousa/rov_software_2026/build/controller/prefix_override:/usr/lib/python3/dist-packages/colcon_core/task/python/colcon_distutils_commands:/home/mousa/rov_software_2026/install/controller/lib/python3.10/site-packages:${PYTHONPATH} /usr/bin/python3 -W ignore:setup.py install is deprecated -W ignore:easy_install command is deprecated setup.py develop --editable --build-directory /home/mousa/rov_software_2026/build/controller/build --no-deps symlink_data
[1.932s] DEBUG:colcon.colcon_core.task.python.build:While undoing a previous installation files outside the Python library path are being ignored: /home/mousa/rov_software_2026/install/my_talker/share/ament_index/resource_index/packages/my_talker
[1.932s] DEBUG:colcon.colcon_core.task.python.build:While undoing a previous installation files outside the Python library path are being ignored: /home/mousa/rov_software_2026/install/my_talker/share/my_talker/package.xml
[1.933s] DEBUG:colcon.colcon_core.task.python.build:While undoing a previous installation files outside the Python library path are being ignored: /home/mousa/rov_software_2026/install/my_talker/lib/my_talker/talker
[1.933s] DEBUG:colcon.colcon_core.task.python.build:While undoing a previous installation files outside the Python library path are being ignored: /home/mousa/rov_software_2026/install/my_talker/lib/my_talker/thrusterpower
[1.938s] DEBUG:colcon.colcon_core.event_handler.log_command:Invoking command in '/home/mousa/rov_software_2026/build/my_talker': PYTHONPATH=/home/mousa/rov_software_2026/build/my_talker/prefix_override:/usr/lib/python3/dist-packages/colcon_core/task/python/colcon_distutils_commands:/home/mousa/rov_software_2026/install/my_talker/lib/python3.10/site-packages:${PYTHONPATH} /usr/bin/python3 -W ignore:setup.py install is deprecated -W ignore:easy_install command is deprecated setup.py develop --editable --build-directory /home/mousa/rov_software_2026/build/my_talker/build --no-deps symlink_data --force
[1.941s] DEBUG:colcon.colcon_core.event_handler.log_command:Invoking command in '/home/mousa/rov_software_2026/build/learning_ros': PYTHONPATH=/home/mousa/rov_software_2026/build/learning_ros/prefix_override:/usr/lib/python3/dist-packages/colcon_core/task/python/colcon_distutils_commands:/home/mousa/rov_software_2026/install/learning_ros/lib/python3.10/site-packages:${PYTHONPATH} /usr/bin/python3 -W ignore:setup.py install is deprecated -W ignore:easy_install command is deprecated setup.py develop --editable --build-directory /home/mousa/rov_software_2026/build/learning_ros/build --no-deps symlink_data
[2.370s] Level 1:colcon.colcon_core.shell:create_environment_hook('controller', 'pythonpath_develop')
[2.370s] INFO:colcon.colcon_core.shell:Creating environment hook '/home/mousa/rov_software_2026/build/controller/share/controller/hook/pythonpath_develop.ps1'
[2.371s] DEBUG:colcon.colcon_core.event_handler.log_command:Invoked command in '/home/mousa/rov_software_2026/build/controller' returned '0': PYTHONPATH=/home/mousa/rov_software_2026/build/controller/prefix_override:/usr/lib/python3/dist-packages/colcon_core/task/python/colcon_distutils_commands:/home/mousa/rov_software_2026/install/controller/lib/python3.10/site-packages:${PYTHONPATH} /usr/bin/python3 -W ignore:setup.py install is deprecated -W ignore:easy_install command is deprecated setup.py develop --editable --build-directory /home/mousa/rov_software_2026/build/controller/build --no-deps symlink_data
[2.371s] INFO:colcon.colcon_core.shell:Creating environment descriptor '/home/mousa/rov_software_2026/build/controller/share/controller/hook/pythonpath_develop.dsv'
[2.372s] INFO:colcon.colcon_core.shell:Creating environment hook '/home/mousa/rov_software_2026/build/controller/share/controller/hook/pythonpath_develop.sh'
[2.378s] Level 1:colcon.colcon_core.environment:checking '/home/mousa/rov_software_2026/install/controller' for CMake module files
[2.378s] Level 1:colcon.colcon_core.environment:checking '/home/mousa/rov_software_2026/install/controller' for CMake config files
[2.379s] Level 1:colcon.colcon_core.environment:checking '/home/mousa/rov_software_2026/install/controller/lib'
[2.379s] Level 1:colcon.colcon_core.environment:checking '/home/mousa/rov_software_2026/install/controller/bin'
[2.380s] Level 1:colcon.colcon_core.shell:create_environment_hook('controller', 'path')
[2.380s] INFO:colcon.colcon_core.shell:Creating environment hook '/home/mousa/rov_software_2026/install/controller/share/controller/hook/path.ps1'
[2.380s] INFO:colcon.colcon_core.shell:Creating environment descriptor '/home/mousa/rov_software_2026/install/controller/share/controller/hook/path.dsv'
[2.381s] INFO:colcon.colcon_core.shell:Creating environment hook '/home/mousa/rov_software_2026/install/controller/share/controller/hook/path.sh'
[2.381s] Level 1:colcon.colcon_core.environment:checking '/home/mousa/rov_software_2026/install/controller/lib/pkgconfig/controller.pc'
[2.381s] Level 1:colcon.colcon_core.environment:checking '/home/mousa/rov_software_2026/install/controller/lib/python3.10/site-packages'
[2.381s] Level 1:colcon.colcon_core.shell:create_environment_hook('controller', 'pythonpath')
[2.382s] INFO:colcon.colcon_core.shell:Creating environment hook '/home/mousa/rov_software_2026/install/controller/share/controller/hook/pythonpath.ps1'
[2.382s] INFO:colcon.colcon_core.shell:Creating environment descriptor '/home/mousa/rov_software_2026/install/controller/share/controller/hook/pythonpath.dsv'
[2.382s] INFO:colcon.colcon_core.shell:Creating environment hook '/home/mousa/rov_software_2026/install/controller/share/controller/hook/pythonpath.sh'
[2.383s] Level 1:colcon.colcon_core.environment:checking '/home/mousa/rov_software_2026/install/controller/bin'
[2.383s] Level 1:colcon.colcon_core.shell:create_environment_hook('controller', 'pythonscriptspath')
[2.384s] INFO:colcon.colcon_core.shell:Creating environment hook '/home/mousa/rov_software_2026/install/controller/share/controller/hook/pythonscriptspath.ps1'
[2.384s] INFO:colcon.colcon_core.shell:Creating environment descriptor '/home/mousa/rov_software_2026/install/controller/share/controller/hook/pythonscriptspath.dsv'
[2.384s] INFO:colcon.colcon_core.shell:Creating environment hook '/home/mousa/rov_software_2026/install/controller/share/controller/hook/pythonscriptspath.sh'
[2.385s] Level 1:colcon.colcon_core.environment:create_environment_scripts_only(controller)
[2.385s] INFO:colcon.colcon_core.shell:Creating package script '/home/mousa/rov_software_2026/install/controller/share/controller/package.ps1'
[2.386s] INFO:colcon.colcon_core.shell:Creating package descriptor '/home/mousa/rov_software_2026/install/controller/share/controller/package.dsv'
[2.387s] INFO:colcon.colcon_core.shell:Creating package script '/home/mousa/rov_software_2026/install/controller/share/controller/package.sh'
[2.388s] INFO:colcon.colcon_core.shell:Creating package script '/home/mousa/rov_software_2026/install/controller/share/controller/package.bash'
[2.389s] INFO:colcon.colcon_core.shell:Creating package script '/home/mousa/rov_software_2026/install/controller/share/controller/package.zsh'
[2.390s] Level 1:colcon.colcon_core.environment:create_file_with_runtime_dependencies(/home/mousa/rov_software_2026/install/controller/share/colcon-core/packages/controller)
[2.391s] Level 1:colcon.colcon_core.shell:create_environment_hook('my_talker', 'pythonpath_develop')
[2.392s] INFO:colcon.colcon_core.shell:Creating environment hook '/home/mousa/rov_software_2026/build/my_talker/share/my_talker/hook/pythonpath_develop.ps1'
[2.392s] DEBUG:colcon.colcon_core.event_handler.log_command:Invoked command in '/home/mousa/rov_software_2026/build/my_talker' returned '0': PYTHONPATH=/home/mousa/rov_software_2026/build/my_talker/prefix_override:/usr/lib/python3/dist-packages/colcon_core/task/python/colcon_distutils_commands:/home/mousa/rov_software_2026/install/my_talker/lib/python3.10/site-packages:${PYTHONPATH} /usr/bin/python3 -W ignore:setup.py install is deprecated -W ignore:easy_install command is deprecated setup.py develop --editable --build-directory /home/mousa/rov_software_2026/build/my_talker/build --no-deps symlink_data --force
[2.395s] INFO:colcon.colcon_core.shell:Creating environment descriptor '/home/mousa/rov_software_2026/build/my_talker/share/my_talker/hook/pythonpath_develop.dsv'
[2.395s] INFO:colcon.colcon_core.shell:Creating environment hook '/home/mousa/rov_software_2026/build/my_talker/share/my_talker/hook/pythonpath_develop.sh'
[2.396s] Level 1:colcon.colcon_core.environment:checking '/home/mousa/rov_software_2026/install/my_talker' for CMake module files
[2.396s] Level 1:colcon.colcon_core.environment:checking '/home/mousa/rov_software_2026/install/my_talker' for CMake config files
[2.396s] Level 1:colcon.colcon_core.environment:checking '/home/mousa/rov_software_2026/install/my_talker/lib'
[2.397s] Level 1:colcon.colcon_core.environment:checking '/home/mousa/rov_software_2026/install/my_talker/bin'
[2.397s] Level 1:colcon.colcon_core.environment:checking '/home/mousa/rov_software_2026/install/my_talker/lib/pkgconfig/my_talker.pc'
[2.397s] Level 1:colcon.colcon_core.environment:checking '/home/mousa/rov_software_2026/install/my_talker/lib/python3.10/site-packages'
[2.397s] Level 1:colcon.colcon_core.shell:create_environment_hook('my_talker', 'pythonpath')
[2.397s] INFO:colcon.colcon_core.shell:Creating environment hook '/home/mousa/rov_software_2026/install/my_talker/share/my_talker/hook/pythonpath.ps1'
[2.398s] INFO:colcon.colcon_core.shell:Creating environment descriptor '/home/mousa/rov_software_2026/install/my_talker/share/my_talker/hook/pythonpath.dsv'
[2.398s] INFO:colcon.colcon_core.shell:Creating environment hook '/home/mousa/rov_software_2026/install/my_talker/share/my_talker/hook/pythonpath.sh'
[2.399s] Level 1:colcon.colcon_core.environment:checking '/home/mousa/rov_software_2026/install/my_talker/bin'
[2.399s] Level 1:colcon.colcon_core.environment:create_environment_scripts_only(my_talker)
[2.400s] INFO:colcon.colcon_core.shell:Creating package script '/home/mousa/rov_software_2026/install/my_talker/share/my_talker/package.ps1'
[2.400s] INFO:colcon.colcon_core.shell:Creating package descriptor '/home/mousa/rov_software_2026/install/my_talker/share/my_talker/package.dsv'
[2.401s] INFO:colcon.colcon_core.shell:Creating package script '/home/mousa/rov_software_2026/install/my_talker/share/my_talker/package.sh'
[2.401s] INFO:colcon.colcon_core.shell:Creating package script '/home/mousa/rov_software_2026/install/my_talker/share/my_talker/package.bash'
[2.401s] INFO:colcon.colcon_core.shell:Creating package script '/home/mousa/rov_software_2026/install/my_talker/share/my_talker/package.zsh'
[2.402s] Level 1:colcon.colcon_core.environment:create_file_with_runtime_dependencies(/home/mousa/rov_software_2026/install/my_talker/share/colcon-core/packages/my_talker)
[2.404s] Level 1:colcon.colcon_core.shell:create_environment_hook('learning_ros', 'pythonpath_develop')
[2.404s] INFO:colcon.colcon_core.shell:Creating environment hook '/home/mousa/rov_software_2026/build/learning_ros/share/learning_ros/hook/pythonpath_develop.ps1'
[2.405s] DEBUG:colcon.colcon_core.event_handler.log_command:Invoked command in '/home/mousa/rov_software_2026/build/learning_ros' returned '0': PYTHONPATH=/home/mousa/rov_software_2026/build/learning_ros/prefix_override:/usr/lib/python3/dist-packages/colcon_core/task/python/colcon_distutils_commands:/home/mousa/rov_software_2026/install/learning_ros/lib/python3.10/site-packages:${PYTHONPATH} /usr/bin/python3 -W ignore:setup.py install is deprecated -W ignore:easy_install command is deprecated setup.py develop --editable --build-directory /home/mousa/rov_software_2026/build/learning_ros/build --no-deps symlink_data
[2.405s] INFO:colcon.colcon_core.shell:Creating environment descriptor '/home/mousa/rov_software_2026/build/learning_ros/share/learning_ros/hook/pythonpath_develop.dsv'
[2.406s] INFO:colcon.colcon_core.shell:Creating environment hook '/home/mousa/rov_software_2026/build/learning_ros/share/learning_ros/hook/pythonpath_develop.sh'
[2.406s] Level 1:colcon.colcon_core.environment:checking '/home/mousa/rov_software_2026/install/learning_ros' for CMake module files
[2.407s] Level 1:colcon.colcon_core.environment:checking '/home/mousa/rov_software_2026/install/learning_ros' for CMake config files
[2.407s] Level 1:colcon.colcon_core.environment:checking '/home/mousa/rov_software_2026/install/learning_ros/lib'
[2.407s] Level 1:colcon.colcon_core.environment:checking '/home/mousa/rov_software_2026/install/learning_ros/bin'
[2.407s] Level 1:colcon.colcon_core.shell:create_environment_hook('learning_ros', 'path')
[2.407s] INFO:colcon.colcon_core.shell:Creating environment hook '/home/mousa/rov_software_2026/install/learning_ros/share/learning_ros/hook/path.ps1'
[2.408s] INFO:colcon.colcon_core.shell:Creating environment descriptor '/home/mousa/rov_software_2026/install/learning_ros/share/learning_ros/hook/path.dsv'
[2.408s] INFO:colcon.colcon_core.shell:Creating environment hook '/home/mousa/rov_software_2026/install/learning_ros/share/learning_ros/hook/path.sh'
[2.409s] Level 1:colcon.colcon_core.environment:checking '/home/mousa/rov_software_2026/install/learning_ros/lib/pkgconfig/learning_ros.pc'
[2.409s] Level 1:colcon.colcon_core.environment:checking '/home/mousa/rov_software_2026/install/learning_ros/lib/python3.10/site-packages'
[2.409s] Level 1:colcon.colcon_core.shell:create_environment_hook('learning_ros', 'pythonpath')
[2.409s] INFO:colcon.colcon_core.shell:Creating environment hook '/home/mousa/rov_software_2026/install/learning_ros/share/learning_ros/hook/pythonpath.ps1'
[2.410s] INFO:colcon.colcon_core.shell:Creating environment descriptor '/home/mousa/rov_software_2026/install/learning_ros/share/learning_ros/hook/pythonpath.dsv'
[2.410s] INFO:colcon.colcon_core.shell:Creating environment hook '/home/mousa/rov_software_2026/install/learning_ros/share/learning_ros/hook/pythonpath.sh'
[2.411s] Level 1:colcon.colcon_core.environment:checking '/home/mousa/rov_software_2026/install/learning_ros/bin'
[2.411s] Level 1:colcon.colcon_core.shell:create_environment_hook('learning_ros', 'pythonscriptspath')
[2.412s] INFO:colcon.colcon_core.shell:Creating environment hook '/home/mousa/rov_software_2026/install/learning_ros/share/learning_ros/hook/pythonscriptspath.ps1'
[2.412s] INFO:colcon.colcon_core.shell:Creating environment descriptor '/home/mousa/rov_software_2026/install/learning_ros/share/learning_ros/hook/pythonscriptspath.dsv'
[2.412s] INFO:colcon.colcon_core.shell:Creating environment hook '/home/mousa/rov_software_2026/install/learning_ros/share/learning_ros/hook/pythonscriptspath.sh'
[2.413s] Level 1:colcon.colcon_core.environment:create_environment_scripts_only(learning_ros)
[2.413s] INFO:colcon.colcon_core.shell:Creating package script '/home/mousa/rov_software_2026/install/learning_ros/share/learning_ros/package.ps1'
[2.414s] INFO:colcon.colcon_core.shell:Creating package descriptor '/home/mousa/rov_software_2026/install/learning_ros/share/learning_ros/package.dsv'
[2.414s] INFO:colcon.colcon_core.shell:Creating package script '/home/mousa/rov_software_2026/install/learning_ros/share/learning_ros/package.sh'
[2.415s] INFO:colcon.colcon_core.shell:Creating package script '/home/mousa/rov_software_2026/install/learning_ros/share/learning_ros/package.bash'
[2.415s] INFO:colcon.colcon_core.shell:Creating package script '/home/mousa/rov_software_2026/install/learning_ros/share/learning_ros/package.zsh'
[2.416s] Level 1:colcon.colcon_core.environment:create_file_with_runtime_dependencies(/home/mousa/rov_software_2026/install/learning_ros/share/colcon-core/packages/learning_ros)
[2.416s] DEBUG:colcon.colcon_parallel_executor.executor.parallel:closing loop
[2.417s] DEBUG:colcon.colcon_parallel_executor.executor.parallel:loop closed
[2.417s] DEBUG:colcon.colcon_parallel_executor.executor.parallel:run_until_complete finished with '0'
[2.417s] DEBUG:colcon.colcon_core.event_reactor:joining thread
[2.439s] INFO:colcon.colcon_core.plugin_system:Skipping extension 'colcon_notification.desktop_notification.notify_send': Could not find 'notify-send'
[2.439s] INFO:colcon.colcon_core.plugin_system:Skipping extension 'colcon_notification.desktop_notification.terminal_notifier': Not used on non-Darwin systems
[2.440s] INFO:colcon.colcon_core.plugin_system:Skipping extension 'colcon_notification.desktop_notification.win32': Not used on non-Windows systems
[2.440s] INFO:colcon.colcon_notification.desktop_notification:Sending desktop notification using 'notify2'
[2.440s] DEBUG:colcon.colcon_notification.desktop_notification.notify2:Failed to initialize notify2: org.freedesktop.DBus.Error.FileNotFound: Failed to connect to socket /run/user/1000/bus: No such file or directory
[2.440s] DEBUG:colcon.colcon_core.event_reactor:joined thread
[2.440s] INFO:colcon.colcon_core.shell:Creating prefix script '/home/mousa/rov_software_2026/install/local_setup.ps1'
[2.442s] INFO:colcon.colcon_core.shell:Creating prefix util module '/home/mousa/rov_software_2026/install/_local_setup_util_ps1.py'
[2.445s] INFO:colcon.colcon_core.shell:Creating prefix chain script '/home/mousa/rov_software_2026/install/setup.ps1'
[2.447s] INFO:colcon.colcon_core.shell:Creating prefix script '/home/mousa/rov_software_2026/install/local_setup.sh'
[2.448s] INFO:colcon.colcon_core.shell:Creating prefix util module '/home/mousa/rov_software_2026/install/_local_setup_util_sh.py'
[2.448s] INFO:colcon.colcon_core.shell:Creating prefix chain script '/home/mousa/rov_software_2026/install/setup.sh'
[2.450s] INFO:colcon.colcon_core.shell:Creating prefix script '/home/mousa/rov_software_2026/install/local_setup.bash'
[2.450s] INFO:colcon.colcon_core.shell:Creating prefix chain script '/home/mousa/rov_software_2026/install/setup.bash'
[2.451s] INFO:colcon.colcon_core.shell:Creating prefix script '/home/mousa/rov_software_2026/install/local_setup.zsh'
[2.452s] INFO:colcon.colcon_core.shell:Creating prefix chain script '/home/mousa/rov_software_2026/install/setup.zsh'
