/root/ros2_ws/src/install/learning_ros/lib/python3.10/site-packages/learning_ros/joy_inspector_node.py
/root/ros2_ws/src/install/learning_ros/lib/python3.10/site-packages/learning_ros/listener_node.py
/root/ros2_ws/src/install/learning_ros/lib/python3.10/site-packages/learning_ros/talker_node.py
/root/ros2_ws/src/install/learning_ros/lib/python3.10/site-packages/learning_ros/__init__.py
/root/ros2_ws/src/install/learning_ros/lib/python3.10/site-packages/learning_ros/__pycache__/joy_inspector_node.cpython-310.pyc
/root/ros2_ws/src/install/learning_ros/lib/python3.10/site-packages/learning_ros/__pycache__/listener_node.cpython-310.pyc
/root/ros2_ws/src/install/learning_ros/lib/python3.10/site-packages/learning_ros/__pycache__/talker_node.cpython-310.pyc
/root/ros2_ws/src/install/learning_ros/lib/python3.10/site-packages/learning_ros/__pycache__/__init__.cpython-310.pyc
/root/ros2_ws/src/install/learning_ros/share/ament_index/resource_index/packages/learning_ros
/root/ros2_ws/src/install/learning_ros/share/learning_ros/package.xml
/root/ros2_ws/src/install/learning_ros/lib/python3.10/site-packages/learning_ros-0.0.0-py3.10.egg-info/dependency_links.txt
/root/ros2_ws/src/install/learning_ros/lib/python3.10/site-packages/learning_ros-0.0.0-py3.10.egg-info/entry_points.txt
/root/ros2_ws/src/install/learning_ros/lib/python3.10/site-packages/learning_ros-0.0.0-py3.10.egg-info/PKG-INFO
/root/ros2_ws/src/install/learning_ros/lib/python3.10/site-packages/learning_ros-0.0.0-py3.10.egg-info/requires.txt
/root/ros2_ws/src/install/learning_ros/lib/python3.10/site-packages/learning_ros-0.0.0-py3.10.egg-info/SOURCES.txt
/root/ros2_ws/src/install/learning_ros/lib/python3.10/site-packages/learning_ros-0.0.0-py3.10.egg-info/top_level.txt
/root/ros2_ws/src/install/learning_ros/lib/python3.10/site-packages/learning_ros-0.0.0-py3.10.egg-info/zip-safe
/root/ros2_ws/src/install/learning_ros/lib/learning_ros/joy_inspector
/root/ros2_ws/src/install/learning_ros/lib/learning_ros/listener
/root/ros2_ws/src/install/learning_ros/lib/learning_ros/talker
