[0.187s] DEBUG:colcon:Command line arguments: ['/usr/bin/colcon', 'build', '--packages-select', 'controller', '--symlink-install']
[0.187s] DEBUG:colcon:Parsed command line arguments: Namespace(log_base=None, log_level=None, verb_name='build', build_base='build', install_base='install', merge_install=False, symlink_install=True, test_result_base=None, continue_on_error=False, executor='parallel', parallel_workers=16, event_handlers=None, ignore_user_meta=False, metas=['./colcon.meta'], base_paths=['.'], packages_ignore=None, packages_ignore_regex=None, paths=None, packages_up_to=None, packages_up_to_regex=None, packages_above=None, packages_above_and_dependencies=None, packages_above_depth=None, packages_select_by_dep=None, packages_skip_by_dep=None, packages_skip_up_to=None, packages_select_build_failed=False, packages_skip_build_finished=False, packages_select_test_failures=False, packages_skip_test_passed=False, packages_select=['controller'], packages_skip=None, packages_select_regex=None, packages_skip_regex=None, packages_start=None, packages_end=None, allow_overriding=[], cmake_args=None, cmake_target=None, cmake_target_skip_unavailable=False, cmake_clean_cache=False, cmake_clean_first=False, cmake_force_configure=False, ament_cmake_args=None, catkin_cmake_args=None, catkin_skip_building_tests=False, verb_parser=<colcon_defaults.argument_parser.defaults.DefaultArgumentsDecorator object at 0x71b35d948a00>, verb_extension=<colcon_core.verb.build.BuildVerb object at 0x71b35d948220>, main=<bound method BuildVerb.main of <colcon_core.verb.build.BuildVerb object at 0x71b35d948220>>)
[0.502s] Level 1:colcon.colcon_core.package_discovery:discover_packages(colcon_meta) check parameters
[0.502s] Level 1:colcon.colcon_core.package_discovery:discover_packages(recursive) check parameters
[0.502s] Level 1:colcon.colcon_core.package_discovery:discover_packages(ignore) check parameters
[0.502s] Level 1:colcon.colcon_core.package_discovery:discover_packages(path) check parameters
[0.502s] Level 1:colcon.colcon_core.package_discovery:discover_packages(colcon_meta) discover
[0.502s] Level 1:colcon.colcon_core.package_discovery:discover_packages(recursive) discover
[0.502s] INFO:colcon.colcon_core.package_discovery:Crawling recursively for packages in '/home/mousa/rov_software_2026'
[0.503s] Level 1:colcon.colcon_core.package_identification:_identify(.) by extensions ['ignore', 'ignore_ament_install']
[0.503s] Level 1:colcon.colcon_core.package_identification:_identify(.) by extension 'ignore'
[0.503s] Level 1:colcon.colcon_core.package_identification:_identify(.) by extension 'ignore_ament_install'
[0.503s] Level 1:colcon.colcon_core.package_identification:_identify(.) by extensions ['colcon_pkg']
[0.503s] Level 1:colcon.colcon_core.package_identification:_identify(.) by extension 'colcon_pkg'
[0.503s] Level 1:colcon.colcon_core.package_identification:_identify(.) by extensions ['colcon_meta']
[0.503s] Level 1:colcon.colcon_core.package_identification:_identify(.) by extension 'colcon_meta'
[0.503s] Level 1:colcon.colcon_core.package_identification:_identify(.) by extensions ['ros']
[0.503s] Level 1:colcon.colcon_core.package_identification:_identify(.) by extension 'ros'
[0.519s] Level 1:colcon.colcon_core.package_identification:_identify(.) by extensions ['cmake', 'python']
[0.519s] Level 1:colcon.colcon_core.package_identification:_identify(.) by extension 'cmake'
[0.519s] Level 1:colcon.colcon_core.package_identification:_identify(.) by extension 'python'
[0.519s] Level 1:colcon.colcon_core.package_identification:_identify(.) by extensions ['python_setup_py']
[0.519s] Level 1:colcon.colcon_core.package_identification:_identify(.) by extension 'python_setup_py'
[0.519s] Level 1:colcon.colcon_core.package_identification:_identify(build) by extensions ['ignore', 'ignore_ament_install']
[0.519s] Level 1:colcon.colcon_core.package_identification:_identify(build) by extension 'ignore'
[0.519s] Level 1:colcon.colcon_core.package_identification:_identify(build) ignored
[0.519s] Level 1:colcon.colcon_core.package_identification:_identify(install) by extensions ['ignore', 'ignore_ament_install']
[0.519s] Level 1:colcon.colcon_core.package_identification:_identify(install) by extension 'ignore'
[0.519s] Level 1:colcon.colcon_core.package_identification:_identify(install) ignored
[0.520s] Level 1:colcon.colcon_core.package_identification:_identify(log) by extensions ['ignore', 'ignore_ament_install']
[0.520s] Level 1:colcon.colcon_core.package_identification:_identify(log) by extension 'ignore'
[0.520s] Level 1:colcon.colcon_core.package_identification:_identify(log) ignored
[0.520s] Level 1:colcon.colcon_core.package_identification:_identify(src) by extensions ['ignore', 'ignore_ament_install']
[0.520s] Level 1:colcon.colcon_core.package_identification:_identify(src) by extension 'ignore'
[0.520s] Level 1:colcon.colcon_core.package_identification:_identify(src) by extension 'ignore_ament_install'
[0.520s] Level 1:colcon.colcon_core.package_identification:_identify(src) by extensions ['colcon_pkg']
[0.520s] Level 1:colcon.colcon_core.package_identification:_identify(src) by extension 'colcon_pkg'
[0.520s] Level 1:colcon.colcon_core.package_identification:_identify(src) by extensions ['colcon_meta']
[0.520s] Level 1:colcon.colcon_core.package_identification:_identify(src) by extension 'colcon_meta'
[0.520s] Level 1:colcon.colcon_core.package_identification:_identify(src) by extensions ['ros']
[0.520s] Level 1:colcon.colcon_core.package_identification:_identify(src) by extension 'ros'
[0.520s] Level 1:colcon.colcon_core.package_identification:_identify(src) by extensions ['cmake', 'python']
[0.520s] Level 1:colcon.colcon_core.package_identification:_identify(src) by extension 'cmake'
[0.520s] Level 1:colcon.colcon_core.package_identification:_identify(src) by extension 'python'
[0.520s] Level 1:colcon.colcon_core.package_identification:_identify(src) by extensions ['python_setup_py']
[0.520s] Level 1:colcon.colcon_core.package_identification:_identify(src) by extension 'python_setup_py'
[0.521s] Level 1:colcon.colcon_core.package_identification:_identify(src/ThrusterMapperNode) by extensions ['ignore', 'ignore_ament_install']
[0.521s] Level 1:colcon.colcon_core.package_identification:_identify(src/ThrusterMapperNode) by extension 'ignore'
[0.521s] Level 1:colcon.colcon_core.package_identification:_identify(src/ThrusterMapperNode) by extension 'ignore_ament_install'
[0.521s] Level 1:colcon.colcon_core.package_identification:_identify(src/ThrusterMapperNode) by extensions ['colcon_pkg']
[0.521s] Level 1:colcon.colcon_core.package_identification:_identify(src/ThrusterMapperNode) by extension 'colcon_pkg'
[0.521s] Level 1:colcon.colcon_core.package_identification:_identify(src/ThrusterMapperNode) by extensions ['colcon_meta']
[0.521s] Level 1:colcon.colcon_core.package_identification:_identify(src/ThrusterMapperNode) by extension 'colcon_meta'
[0.521s] Level 1:colcon.colcon_core.package_identification:_identify(src/ThrusterMapperNode) by extensions ['ros']
[0.521s] Level 1:colcon.colcon_core.package_identification:_identify(src/ThrusterMapperNode) by extension 'ros'
[0.521s] Level 1:colcon.colcon_core.package_identification:_identify(src/ThrusterMapperNode) by extensions ['cmake', 'python']
[0.521s] Level 1:colcon.colcon_core.package_identification:_identify(src/ThrusterMapperNode) by extension 'cmake'
[0.521s] Level 1:colcon.colcon_core.package_identification:_identify(src/ThrusterMapperNode) by extension 'python'
[0.521s] Level 1:colcon.colcon_core.package_identification:_identify(src/ThrusterMapperNode) by extensions ['python_setup_py']
[0.521s] Level 1:colcon.colcon_core.package_identification:_identify(src/ThrusterMapperNode) by extension 'python_setup_py'
[0.521s] Level 1:colcon.colcon_core.package_identification:_identify(src/controller) by extensions ['ignore', 'ignore_ament_install']
[0.521s] Level 1:colcon.colcon_core.package_identification:_identify(src/controller) by extension 'ignore'
[0.522s] Level 1:colcon.colcon_core.package_identification:_identify(src/controller) by extension 'ignore_ament_install'
[0.522s] Level 1:colcon.colcon_core.package_identification:_identify(src/controller) by extensions ['colcon_pkg']
[0.522s] Level 1:colcon.colcon_core.package_identification:_identify(src/controller) by extension 'colcon_pkg'
[0.522s] Level 1:colcon.colcon_core.package_identification:_identify(src/controller) by extensions ['colcon_meta']
[0.522s] Level 1:colcon.colcon_core.package_identification:_identify(src/controller) by extension 'colcon_meta'
[0.522s] Level 1:colcon.colcon_core.package_identification:_identify(src/controller) by extensions ['ros']
[0.522s] Level 1:colcon.colcon_core.package_identification:_identify(src/controller) by extension 'ros'
[0.526s] DEBUG:colcon.colcon_core.package_identification:Package 'src/controller' with type 'ros.ament_python' and name 'controller'
[0.526s] Level 1:colcon.colcon_core.package_identification:_identify(src/learning_ros) by extensions ['ignore', 'ignore_ament_install']
[0.526s] Level 1:colcon.colcon_core.package_identification:_identify(src/learning_ros) by extension 'ignore'
[0.526s] Level 1:colcon.colcon_core.package_identification:_identify(src/learning_ros) by extension 'ignore_ament_install'
[0.526s] Level 1:colcon.colcon_core.package_identification:_identify(src/learning_ros) by extensions ['colcon_pkg']
[0.526s] Level 1:colcon.colcon_core.package_identification:_identify(src/learning_ros) by extension 'colcon_pkg'
[0.526s] Level 1:colcon.colcon_core.package_identification:_identify(src/learning_ros) by extensions ['colcon_meta']
[0.526s] Level 1:colcon.colcon_core.package_identification:_identify(src/learning_ros) by extension 'colcon_meta'
[0.526s] Level 1:colcon.colcon_core.package_identification:_identify(src/learning_ros) by extensions ['ros']
[0.526s] Level 1:colcon.colcon_core.package_identification:_identify(src/learning_ros) by extension 'ros'
[0.527s] DEBUG:colcon.colcon_core.package_identification:Package 'src/learning_ros' with type 'ros.ament_python' and name 'learning_ros'
[0.527s] Level 1:colcon.colcon_core.package_identification:_identify(src/my_talker) by extensions ['ignore', 'ignore_ament_install']
[0.527s] Level 1:colcon.colcon_core.package_identification:_identify(src/my_talker) by extension 'ignore'
[0.527s] Level 1:colcon.colcon_core.package_identification:_identify(src/my_talker) by extension 'ignore_ament_install'
[0.527s] Level 1:colcon.colcon_core.package_identification:_identify(src/my_talker) by extensions ['colcon_pkg']
[0.528s] Level 1:colcon.colcon_core.package_identification:_identify(src/my_talker) by extension 'colcon_pkg'
[0.528s] Level 1:colcon.colcon_core.package_identification:_identify(src/my_talker) by extensions ['colcon_meta']
[0.528s] Level 1:colcon.colcon_core.package_identification:_identify(src/my_talker) by extension 'colcon_meta'
[0.528s] Level 1:colcon.colcon_core.package_identification:_identify(src/my_talker) by extensions ['ros']
[0.528s] Level 1:colcon.colcon_core.package_identification:_identify(src/my_talker) by extension 'ros'
[0.528s] DEBUG:colcon.colcon_core.package_identification:Package 'src/my_talker' with type 'ros.ament_python' and name 'my_talker'
[0.529s] Level 1:colcon.colcon_core.package_identification:_identify(src/src) by extensions ['ignore', 'ignore_ament_install']
[0.529s] Level 1:colcon.colcon_core.package_identification:_identify(src/src) by extension 'ignore'
[0.529s] Level 1:colcon.colcon_core.package_identification:_identify(src/src) by extension 'ignore_ament_install'
[0.529s] Level 1:colcon.colcon_core.package_identification:_identify(src/src) by extensions ['colcon_pkg']
[0.529s] Level 1:colcon.colcon_core.package_identification:_identify(src/src) by extension 'colcon_pkg'
[0.529s] Level 1:colcon.colcon_core.package_identification:_identify(src/src) by extensions ['colcon_meta']
[0.529s] Level 1:colcon.colcon_core.package_identification:_identify(src/src) by extension 'colcon_meta'
[0.529s] Level 1:colcon.colcon_core.package_identification:_identify(src/src) by extensions ['ros']
[0.529s] Level 1:colcon.colcon_core.package_identification:_identify(src/src) by extension 'ros'
[0.529s] Level 1:colcon.colcon_core.package_identification:_identify(src/src) by extensions ['cmake', 'python']
[0.529s] Level 1:colcon.colcon_core.package_identification:_identify(src/src) by extension 'cmake'
[0.529s] Level 1:colcon.colcon_core.package_identification:_identify(src/src) by extension 'python'
[0.529s] Level 1:colcon.colcon_core.package_identification:_identify(src/src) by extensions ['python_setup_py']
[0.529s] Level 1:colcon.colcon_core.package_identification:_identify(src/src) by extension 'python_setup_py'
[0.529s] Level 1:colcon.colcon_core.package_identification:_identify(src/src/learning_ros) by extensions ['ignore', 'ignore_ament_install']
[0.529s] Level 1:colcon.colcon_core.package_identification:_identify(src/src/learning_ros) by extension 'ignore'
[0.529s] Level 1:colcon.colcon_core.package_identification:_identify(src/src/learning_ros) by extension 'ignore_ament_install'
[0.529s] Level 1:colcon.colcon_core.package_identification:_identify(src/src/learning_ros) by extensions ['colcon_pkg']
[0.529s] Level 1:colcon.colcon_core.package_identification:_identify(src/src/learning_ros) by extension 'colcon_pkg'
[0.529s] Level 1:colcon.colcon_core.package_identification:_identify(src/src/learning_ros) by extensions ['colcon_meta']
[0.529s] Level 1:colcon.colcon_core.package_identification:_identify(src/src/learning_ros) by extension 'colcon_meta'
[0.530s] Level 1:colcon.colcon_core.package_identification:_identify(src/src/learning_ros) by extensions ['ros']
[0.530s] Level 1:colcon.colcon_core.package_identification:_identify(src/src/learning_ros) by extension 'ros'
[0.530s] Level 1:colcon.colcon_core.package_identification:_identify(src/src/learning_ros) by extensions ['cmake', 'python']
[0.530s] Level 1:colcon.colcon_core.package_identification:_identify(src/src/learning_ros) by extension 'cmake'
[0.530s] Level 1:colcon.colcon_core.package_identification:_identify(src/src/learning_ros) by extension 'python'
[0.530s] Level 1:colcon.colcon_core.package_identification:_identify(src/src/learning_ros) by extensions ['python_setup_py']
[0.530s] Level 1:colcon.colcon_core.package_identification:_identify(src/src/learning_ros) by extension 'python_setup_py'
[0.530s] Level 1:colcon.colcon_core.package_identification:_identify(src/src/learning_ros/learning_ros) by extensions ['ignore', 'ignore_ament_install']
[0.530s] Level 1:colcon.colcon_core.package_identification:_identify(src/src/learning_ros/learning_ros) by extension 'ignore'
[0.530s] Level 1:colcon.colcon_core.package_identification:_identify(src/src/learning_ros/learning_ros) by extension 'ignore_ament_install'
[0.530s] Level 1:colcon.colcon_core.package_identification:_identify(src/src/learning_ros/learning_ros) by extensions ['colcon_pkg']
[0.530s] Level 1:colcon.colcon_core.package_identification:_identify(src/src/learning_ros/learning_ros) by extension 'colcon_pkg'
[0.530s] Level 1:colcon.colcon_core.package_identification:_identify(src/src/learning_ros/learning_ros) by extensions ['colcon_meta']
[0.530s] Level 1:colcon.colcon_core.package_identification:_identify(src/src/learning_ros/learning_ros) by extension 'colcon_meta'
[0.530s] Level 1:colcon.colcon_core.package_identification:_identify(src/src/learning_ros/learning_ros) by extensions ['ros']
[0.530s] Level 1:colcon.colcon_core.package_identification:_identify(src/src/learning_ros/learning_ros) by extension 'ros'
[0.530s] Level 1:colcon.colcon_core.package_identification:_identify(src/src/learning_ros/learning_ros) by extensions ['cmake', 'python']
[0.530s] Level 1:colcon.colcon_core.package_identification:_identify(src/src/learning_ros/learning_ros) by extension 'cmake'
[0.530s] Level 1:colcon.colcon_core.package_identification:_identify(src/src/learning_ros/learning_ros) by extension 'python'
[0.530s] Level 1:colcon.colcon_core.package_identification:_identify(src/src/learning_ros/learning_ros) by extensions ['python_setup_py']
[0.531s] Level 1:colcon.colcon_core.package_identification:_identify(src/src/learning_ros/learning_ros) by extension 'python_setup_py'
[0.531s] Level 1:colcon.colcon_core.package_discovery:discover_packages(recursive) using defaults
[0.531s] Level 1:colcon.colcon_core.package_discovery:discover_packages(ignore) discover
[0.531s] Level 1:colcon.colcon_core.package_discovery:discover_packages(ignore) using defaults
[0.531s] Level 1:colcon.colcon_core.package_discovery:discover_packages(path) discover
[0.531s] Level 1:colcon.colcon_core.package_discovery:discover_packages(path) using defaults
[0.560s] INFO:colcon.colcon_core.package_selection:Skipping not selected package 'learning_ros' in 'src/learning_ros'
[0.560s] INFO:colcon.colcon_core.package_selection:Skipping not selected package 'my_talker' in 'src/my_talker'
[0.560s] Level 1:colcon.colcon_core.package_discovery:discover_packages(prefix_path) check parameters
[0.561s] Level 1:colcon.colcon_core.package_discovery:discover_packages(prefix_path) discover
[0.563s] WARNING:colcon.colcon_ros.prefix_path.ament:The path '/home/mousa/rov_software_2026/install/controller' in the environment variable AMENT_PREFIX_PATH doesn't exist
[0.564s] DEBUG:colcon.colcon_installed_package_information.package_discovery:Found 2 installed packages in /home/mousa/rov_software_2026/install
[0.566s] DEBUG:colcon.colcon_installed_package_information.package_discovery:Found 271 installed packages in /opt/ros/humble
[0.568s] Level 1:colcon.colcon_core.package_discovery:discover_packages(prefix_path) using defaults
[0.616s] Level 5:colcon.colcon_core.verb:set package 'controller' build argument 'cmake_args' from command line to 'None'
[0.616s] Level 5:colcon.colcon_core.verb:set package 'controller' build argument 'cmake_target' from command line to 'None'
[0.616s] Level 5:colcon.colcon_core.verb:set package 'controller' build argument 'cmake_target_skip_unavailable' from command line to 'False'
[0.616s] Level 5:colcon.colcon_core.verb:set package 'controller' build argument 'cmake_clean_cache' from command line to 'False'
[0.616s] Level 5:colcon.colcon_core.verb:set package 'controller' build argument 'cmake_clean_first' from command line to 'False'
[0.616s] Level 5:colcon.colcon_core.verb:set package 'controller' build argument 'cmake_force_configure' from command line to 'False'
[0.616s] Level 5:colcon.colcon_core.verb:set package 'controller' build argument 'ament_cmake_args' from command line to 'None'
[0.616s] Level 5:colcon.colcon_core.verb:set package 'controller' build argument 'catkin_cmake_args' from command line to 'None'
[0.616s] Level 5:colcon.colcon_core.verb:set package 'controller' build argument 'catkin_skip_building_tests' from command line to 'False'
[0.616s] DEBUG:colcon.colcon_core.verb:Building package 'controller' with the following arguments: {'ament_cmake_args': None, 'build_base': '/home/mousa/rov_software_2026/build/controller', 'catkin_cmake_args': None, 'catkin_skip_building_tests': False, 'cmake_args': None, 'cmake_clean_cache': False, 'cmake_clean_first': False, 'cmake_force_configure': False, 'cmake_target': None, 'cmake_target_skip_unavailable': False, 'install_base': '/home/mousa/rov_software_2026/install/controller', 'merge_install': False, 'path': '/home/mousa/rov_software_2026/src/controller', 'symlink_install': True, 'test_result_base': None}
[0.617s] INFO:colcon.colcon_core.executor:Executing jobs using 'parallel' executor
[0.618s] DEBUG:colcon.colcon_parallel_executor.executor.parallel:run_until_complete
[0.618s] INFO:colcon.colcon_ros.task.ament_python.build:Building ROS package in '/home/mousa/rov_software_2026/src/controller' with build type 'ament_python'
[0.618s] Level 1:colcon.colcon_core.shell:create_environment_hook('controller', 'ament_prefix_path')
[0.623s] INFO:colcon.colcon_core.plugin_system:Skipping extension 'colcon_core.shell.bat': Not used on non-Windows systems
[0.624s] INFO:colcon.colcon_core.shell:Creating environment hook '/home/mousa/rov_software_2026/install/controller/share/controller/hook/ament_prefix_path.ps1'
[0.626s] INFO:colcon.colcon_core.shell:Creating environment descriptor '/home/mousa/rov_software_2026/install/controller/share/controller/hook/ament_prefix_path.dsv'
[0.627s] INFO:colcon.colcon_core.shell:Creating environment hook '/home/mousa/rov_software_2026/install/controller/share/controller/hook/ament_prefix_path.sh'
[0.628s] INFO:colcon.colcon_core.shell:Skip shell extension 'powershell' for command environment: Not usable outside of PowerShell
[0.628s] DEBUG:colcon.colcon_core.shell:Skip shell extension 'dsv' for command environment
[0.867s] INFO:colcon.colcon_core.task.python.build:Building Python package in '/home/mousa/rov_software_2026/src/controller'
[0.867s] INFO:colcon.colcon_core.shell:Skip shell extension 'powershell' for command environment: Not usable outside of PowerShell
[0.867s] DEBUG:colcon.colcon_core.shell:Skip shell extension 'dsv' for command environment
[1.375s] DEBUG:colcon.colcon_core.event_handler.log_command:Invoking command in '/home/mousa/rov_software_2026/build/controller': PYTHONPATH=/home/mousa/rov_software_2026/build/controller/prefix_override:/usr/lib/python3/dist-packages/colcon_core/task/python/colcon_distutils_commands:/home/mousa/rov_software_2026/install/controller/lib/python3.10/site-packages:${PYTHONPATH} /usr/bin/python3 -W ignore:setup.py install is deprecated -W ignore:easy_install command is deprecated setup.py develop --editable --build-directory /home/mousa/rov_software_2026/build/controller/build --no-deps symlink_data
[1.777s] Level 1:colcon.colcon_core.shell:create_environment_hook('controller', 'pythonpath_develop')
[1.777s] INFO:colcon.colcon_core.shell:Creating environment hook '/home/mousa/rov_software_2026/build/controller/share/controller/hook/pythonpath_develop.ps1'
[1.778s] DEBUG:colcon.colcon_core.event_handler.log_command:Invoked command in '/home/mousa/rov_software_2026/build/controller' returned '0': PYTHONPATH=/home/mousa/rov_software_2026/build/controller/prefix_override:/usr/lib/python3/dist-packages/colcon_core/task/python/colcon_distutils_commands:/home/mousa/rov_software_2026/install/controller/lib/python3.10/site-packages:${PYTHONPATH} /usr/bin/python3 -W ignore:setup.py install is deprecated -W ignore:easy_install command is deprecated setup.py develop --editable --build-directory /home/mousa/rov_software_2026/build/controller/build --no-deps symlink_data
[1.780s] INFO:colcon.colcon_core.shell:Creating environment descriptor '/home/mousa/rov_software_2026/build/controller/share/controller/hook/pythonpath_develop.dsv'
[1.780s] INFO:colcon.colcon_core.shell:Creating environment hook '/home/mousa/rov_software_2026/build/controller/share/controller/hook/pythonpath_develop.sh'
[1.788s] Level 1:colcon.colcon_core.environment:checking '/home/mousa/rov_software_2026/install/controller' for CMake module files
[1.789s] Level 1:colcon.colcon_core.environment:checking '/home/mousa/rov_software_2026/install/controller' for CMake config files
[1.789s] Level 1:colcon.colcon_core.environment:checking '/home/mousa/rov_software_2026/install/controller/lib'
[1.790s] Level 1:colcon.colcon_core.environment:checking '/home/mousa/rov_software_2026/install/controller/bin'
[1.790s] Level 1:colcon.colcon_core.shell:create_environment_hook('controller', 'path')
[1.790s] INFO:colcon.colcon_core.shell:Creating environment hook '/home/mousa/rov_software_2026/install/controller/share/controller/hook/path.ps1'
[1.790s] INFO:colcon.colcon_core.shell:Creating environment descriptor '/home/mousa/rov_software_2026/install/controller/share/controller/hook/path.dsv'
[1.791s] INFO:colcon.colcon_core.shell:Creating environment hook '/home/mousa/rov_software_2026/install/controller/share/controller/hook/path.sh'
[1.791s] Level 1:colcon.colcon_core.environment:checking '/home/mousa/rov_software_2026/install/controller/lib/pkgconfig/controller.pc'
[1.791s] Level 1:colcon.colcon_core.environment:checking '/home/mousa/rov_software_2026/install/controller/lib/python3.10/site-packages'
[1.791s] Level 1:colcon.colcon_core.shell:create_environment_hook('controller', 'pythonpath')
[1.791s] INFO:colcon.colcon_core.shell:Creating environment hook '/home/mousa/rov_software_2026/install/controller/share/controller/hook/pythonpath.ps1'
[1.792s] INFO:colcon.colcon_core.shell:Creating environment descriptor '/home/mousa/rov_software_2026/install/controller/share/controller/hook/pythonpath.dsv'
[1.792s] INFO:colcon.colcon_core.shell:Creating environment hook '/home/mousa/rov_software_2026/install/controller/share/controller/hook/pythonpath.sh'
[1.793s] Level 1:colcon.colcon_core.environment:checking '/home/mousa/rov_software_2026/install/controller/bin'
[1.793s] Level 1:colcon.colcon_core.shell:create_environment_hook('controller', 'pythonscriptspath')
[1.793s] INFO:colcon.colcon_core.shell:Creating environment hook '/home/mousa/rov_software_2026/install/controller/share/controller/hook/pythonscriptspath.ps1'
[1.793s] INFO:colcon.colcon_core.shell:Creating environment descriptor '/home/mousa/rov_software_2026/install/controller/share/controller/hook/pythonscriptspath.dsv'
[1.793s] INFO:colcon.colcon_core.shell:Creating environment hook '/home/mousa/rov_software_2026/install/controller/share/controller/hook/pythonscriptspath.sh'
[1.794s] Level 1:colcon.colcon_core.environment:create_environment_scripts_only(controller)
[1.794s] INFO:colcon.colcon_core.shell:Creating package script '/home/mousa/rov_software_2026/install/controller/share/controller/package.ps1'
[1.795s] INFO:colcon.colcon_core.shell:Creating package descriptor '/home/mousa/rov_software_2026/install/controller/share/controller/package.dsv'
[1.796s] INFO:colcon.colcon_core.shell:Creating package script '/home/mousa/rov_software_2026/install/controller/share/controller/package.sh'
[1.797s] INFO:colcon.colcon_core.shell:Creating package script '/home/mousa/rov_software_2026/install/controller/share/controller/package.bash'
[1.798s] INFO:colcon.colcon_core.shell:Creating package script '/home/mousa/rov_software_2026/install/controller/share/controller/package.zsh'
[1.800s] Level 1:colcon.colcon_core.environment:create_file_with_runtime_dependencies(/home/mousa/rov_software_2026/install/controller/share/colcon-core/packages/controller)
[1.801s] DEBUG:colcon.colcon_parallel_executor.executor.parallel:closing loop
[1.802s] DEBUG:colcon.colcon_parallel_executor.executor.parallel:loop closed
[1.802s] DEBUG:colcon.colcon_parallel_executor.executor.parallel:run_until_complete finished with '0'
[1.802s] DEBUG:colcon.colcon_core.event_reactor:joining thread
[1.820s] INFO:colcon.colcon_core.plugin_system:Skipping extension 'colcon_notification.desktop_notification.notify_send': Could not find 'notify-send'
[1.820s] INFO:colcon.colcon_core.plugin_system:Skipping extension 'colcon_notification.desktop_notification.terminal_notifier': Not used on non-Darwin systems
[1.820s] INFO:colcon.colcon_core.plugin_system:Skipping extension 'colcon_notification.desktop_notification.win32': Not used on non-Windows systems
[1.820s] INFO:colcon.colcon_notification.desktop_notification:Sending desktop notification using 'notify2'
[1.820s] DEBUG:colcon.colcon_notification.desktop_notification.notify2:Failed to initialize notify2: org.freedesktop.DBus.Error.FileNotFound: Failed to connect to socket /run/user/1000/bus: No such file or directory
[1.820s] DEBUG:colcon.colcon_core.event_reactor:joined thread
[1.821s] INFO:colcon.colcon_core.shell:Creating prefix script '/home/mousa/rov_software_2026/install/local_setup.ps1'
[1.822s] INFO:colcon.colcon_core.shell:Creating prefix util module '/home/mousa/rov_software_2026/install/_local_setup_util_ps1.py'
[1.824s] INFO:colcon.colcon_core.shell:Creating prefix chain script '/home/mousa/rov_software_2026/install/setup.ps1'
[1.826s] INFO:colcon.colcon_core.shell:Creating prefix script '/home/mousa/rov_software_2026/install/local_setup.sh'
[1.827s] INFO:colcon.colcon_core.shell:Creating prefix util module '/home/mousa/rov_software_2026/install/_local_setup_util_sh.py'
[1.827s] INFO:colcon.colcon_core.shell:Creating prefix chain script '/home/mousa/rov_software_2026/install/setup.sh'
[1.828s] INFO:colcon.colcon_core.shell:Creating prefix script '/home/mousa/rov_software_2026/install/local_setup.bash'
[1.829s] INFO:colcon.colcon_core.shell:Creating prefix chain script '/home/mousa/rov_software_2026/install/setup.bash'
[1.830s] INFO:colcon.colcon_core.shell:Creating prefix script '/home/mousa/rov_software_2026/install/local_setup.zsh'
[1.831s] INFO:colcon.colcon_core.shell:Creating prefix chain script '/home/mousa/rov_software_2026/install/setup.zsh'
