running develop
running egg_info
creating controller.egg-info
writing controller.egg-info/PKG-INFO
writing dependency_links to controller.egg-info/dependency_links.txt
writing entry points to controller.egg-info/entry_points.txt
writing requirements to controller.egg-info/requires.txt
writing top-level names to controller.egg-info/top_level.txt
writing manifest file 'controller.egg-info/SOURCES.txt'
reading manifest file 'controller.egg-info/SOURCES.txt'
writing manifest file 'controller.egg-info/SOURCES.txt'
running build_ext
Creating /home/mousa/rov_software_2026/install/controller/lib/python3.10/site-packages/controller.egg-link (link to .)
Installing joy_inspector script to /home/mousa/rov_software_2026/install/controller/bin
Installing joy_node script to /home/mousa/rov_software_2026/install/controller/bin

Installed /home/mousa/rov_software_2026/build/controller
running symlink_data
creating /home/mousa/rov_software_2026/install/controller/share/ament_index
creating /home/mousa/rov_software_2026/install/controller/share/ament_index/resource_index
creating /home/mousa/rov_software_2026/install/controller/share/ament_index/resource_index/packages
symbolically linking /home/mousa/rov_software_2026/build/controller/resource/controller -> /home/mousa/rov_software_2026/install/controller/share/ament_index/resource_index/packages
symbolically linking /home/mousa/rov_software_2026/build/controller/package.xml -> /home/mousa/rov_software_2026/install/controller/share/controller
