running egg_info
writing ../build/learning_ros/learning_ros.egg-info/PKG-INFO
writing dependency_links to ../build/learning_ros/learning_ros.egg-info/dependency_links.txt
writing entry points to ../build/learning_ros/learning_ros.egg-info/entry_points.txt
writing requirements to ../build/learning_ros/learning_ros.egg-info/requires.txt
writing top-level names to ../build/learning_ros/learning_ros.egg-info/top_level.txt
reading manifest file '../build/learning_ros/learning_ros.egg-info/SOURCES.txt'
writing manifest file '../build/learning_ros/learning_ros.egg-info/SOURCES.txt'
running build
running build_py
running install
running install_lib
running install_data
running install_egg_info
removing '/home/dingmingyue/rov_software_2026/install/learning_ros/lib/python3.10/site-packages/learning_ros-0.0.0-py3.10.egg-info' (and everything under it)
Copying ../build/learning_ros/learning_ros.egg-info to /home/dingmingyue/rov_software_2026/install/learning_ros/lib/python3.10/site-packages/learning_ros-0.0.0-py3.10.egg-info
running install_scripts
Installing calculator_client script to /home/dingmingyue/rov_software_2026/install/learning_ros/lib/learning_ros
Installing joy_inspector script to /home/dingmingyue/rov_software_2026/install/learning_ros/lib/learning_ros
Installing listener script to /home/dingmingyue/rov_software_2026/install/learning_ros/lib/learning_ros
Installing talker script to /home/dingmingyue/rov_software_2026/install/learning_ros/lib/learning_ros
writing list of installed files to '/home/dingmingyue/rov_software_2026/build/learning_ros/install.log'
