running egg_info
creating ../../build/controller/controller.egg-info
writing ../../build/controller/controller.egg-info/PKG-INFO
writing dependency_links to ../../build/controller/controller.egg-info/dependency_links.txt
writing entry points to ../../build/controller/controller.egg-info/entry_points.txt
writing requirements to ../../build/controller/controller.egg-info/requires.txt
writing top-level names to ../../build/controller/controller.egg-info/top_level.txt
writing manifest file '../../build/controller/controller.egg-info/SOURCES.txt'
reading manifest file '../../build/controller/controller.egg-info/SOURCES.txt'
writing manifest file '../../build/controller/controller.egg-info/SOURCES.txt'
running build
running build_py
creating /home/mousa/rov_software_2026/build/controller/build
creating /home/mousa/rov_software_2026/build/controller/build/lib
creating /home/mousa/rov_software_2026/build/controller/build/lib/controller
copying controller/joy_inspector_node.py -> /home/mousa/rov_software_2026/build/controller/build/lib/controller
copying controller/__init__.py -> /home/mousa/rov_software_2026/build/controller/build/lib/controller
copying controller/JoyNode.py -> /home/mousa/rov_software_2026/build/controller/build/lib/controller
running install
running install_lib
creating /home/mousa/rov_software_2026/install/controller/lib/python3.10/site-packages/controller
copying /home/mousa/rov_software_2026/build/controller/build/lib/controller/joy_inspector_node.py -> /home/mousa/rov_software_2026/install/controller/lib/python3.10/site-packages/controller
copying /home/mousa/rov_software_2026/build/controller/build/lib/controller/__init__.py -> /home/mousa/rov_software_2026/install/controller/lib/python3.10/site-packages/controller
copying /home/mousa/rov_software_2026/build/controller/build/lib/controller/JoyNode.py -> /home/mousa/rov_software_2026/install/controller/lib/python3.10/site-packages/controller
byte-compiling /home/mousa/rov_software_2026/install/controller/lib/python3.10/site-packages/controller/joy_inspector_node.py to joy_inspector_node.cpython-310.pyc
byte-compiling /home/mousa/rov_software_2026/install/controller/lib/python3.10/site-packages/controller/__init__.py to __init__.cpython-310.pyc
byte-compiling /home/mousa/rov_software_2026/install/controller/lib/python3.10/site-packages/controller/JoyNode.py to JoyNode.cpython-310.pyc
running install_data
creating /home/mousa/rov_software_2026/install/controller/share/ament_index
creating /home/mousa/rov_software_2026/install/controller/share/ament_index/resource_index
creating /home/mousa/rov_software_2026/install/controller/share/ament_index/resource_index/packages
copying resource/controller -> /home/mousa/rov_software_2026/install/controller/share/ament_index/resource_index/packages
copying package.xml -> /home/mousa/rov_software_2026/install/controller/share/controller
running install_egg_info
Copying ../../build/controller/controller.egg-info to /home/mousa/rov_software_2026/install/controller/lib/python3.10/site-packages/controller-0.0.1-py3.10.egg-info
running install_scripts
Installing joy_inspector script to /home/mousa/rov_software_2026/install/controller/bin
Installing joy_node script to /home/mousa/rov_software_2026/install/controller/bin
writing list of installed files to '/home/mousa/rov_software_2026/build/controller/install.log'
