[0.295s] DEBUG:colcon:Command line arguments: ['/usr/bin/colcon', 'build', '--packages-select', 'learning_ros', '--symlink-install']
[0.295s] DEBUG:colcon:Parsed command line arguments: Namespace(log_base=None, log_level=None, verb_name='build', build_base='build', install_base='install', merge_install=False, symlink_install=True, test_result_base=None, continue_on_error=False, executor='parallel', parallel_workers=16, event_handlers=None, ignore_user_meta=False, metas=['./colcon.meta'], base_paths=['.'], packages_ignore=None, packages_ignore_regex=None, paths=None, packages_up_to=None, packages_up_to_regex=None, packages_above=None, packages_above_and_dependencies=None, packages_above_depth=None, packages_select_by_dep=None, packages_skip_by_dep=None, packages_skip_up_to=None, packages_select_build_failed=False, packages_skip_build_finished=False, packages_select_test_failures=False, packages_skip_test_passed=False, packages_select=['learning_ros'], packages_skip=None, packages_select_regex=None, packages_skip_regex=None, packages_start=None, packages_end=None, allow_overriding=[], cmake_args=None, cmake_target=None, cmake_target_skip_unavailable=False, cmake_clean_cache=False, cmake_clean_first=False, cmake_force_configure=False, ament_cmake_args=None, catkin_cmake_args=None, catkin_skip_building_tests=False, verb_parser=<colcon_defaults.argument_parser.defaults.DefaultArgumentsDecorator object at 0x78ba952640a0>, verb_extension=<colcon_core.verb.build.BuildVerb object at 0x78ba95223220>, main=<bound method BuildVerb.main of <colcon_core.verb.build.BuildVerb object at 0x78ba95223220>>)
[0.689s] Level 1:colcon.colcon_core.package_discovery:discover_packages(colcon_meta) check parameters
[0.690s] Level 1:colcon.colcon_core.package_discovery:discover_packages(recursive) check parameters
[0.690s] Level 1:colcon.colcon_core.package_discovery:discover_packages(ignore) check parameters
[0.690s] Level 1:colcon.colcon_core.package_discovery:discover_packages(path) check parameters
[0.690s] Level 1:colcon.colcon_core.package_discovery:discover_packages(colcon_meta) discover
[0.690s] Level 1:colcon.colcon_core.package_discovery:discover_packages(recursive) discover
[0.690s] INFO:colcon.colcon_core.package_discovery:Crawling recursively for packages in '/home/mousa/rov_software_2026'
[0.690s] Level 1:colcon.colcon_core.package_identification:_identify(.) by extensions ['ignore', 'ignore_ament_install']
[0.691s] Level 1:colcon.colcon_core.package_identification:_identify(.) by extension 'ignore'
[0.691s] Level 1:colcon.colcon_core.package_identification:_identify(.) by extension 'ignore_ament_install'
[0.691s] Level 1:colcon.colcon_core.package_identification:_identify(.) by extensions ['colcon_pkg']
[0.691s] Level 1:colcon.colcon_core.package_identification:_identify(.) by extension 'colcon_pkg'
[0.691s] Level 1:colcon.colcon_core.package_identification:_identify(.) by extensions ['colcon_meta']
[0.691s] Level 1:colcon.colcon_core.package_identification:_identify(.) by extension 'colcon_meta'
[0.691s] Level 1:colcon.colcon_core.package_identification:_identify(.) by extensions ['ros']
[0.691s] Level 1:colcon.colcon_core.package_identification:_identify(.) by extension 'ros'
[0.716s] Level 1:colcon.colcon_core.package_identification:_identify(.) by extensions ['cmake', 'python']
[0.716s] Level 1:colcon.colcon_core.package_identification:_identify(.) by extension 'cmake'
[0.716s] Level 1:colcon.colcon_core.package_identification:_identify(.) by extension 'python'
[0.716s] Level 1:colcon.colcon_core.package_identification:_identify(.) by extensions ['python_setup_py']
[0.716s] Level 1:colcon.colcon_core.package_identification:_identify(.) by extension 'python_setup_py'
[0.716s] Level 1:colcon.colcon_core.package_identification:_identify(build) by extensions ['ignore', 'ignore_ament_install']
[0.717s] Level 1:colcon.colcon_core.package_identification:_identify(build) by extension 'ignore'
[0.717s] Level 1:colcon.colcon_core.package_identification:_identify(build) ignored
[0.717s] Level 1:colcon.colcon_core.package_identification:_identify(install) by extensions ['ignore', 'ignore_ament_install']
[0.717s] Level 1:colcon.colcon_core.package_identification:_identify(install) by extension 'ignore'
[0.718s] Level 1:colcon.colcon_core.package_identification:_identify(install) ignored
[0.718s] Level 1:colcon.colcon_core.package_identification:_identify(log) by extensions ['ignore', 'ignore_ament_install']
[0.718s] Level 1:colcon.colcon_core.package_identification:_identify(log) by extension 'ignore'
[0.718s] Level 1:colcon.colcon_core.package_identification:_identify(log) ignored
[0.718s] Level 1:colcon.colcon_core.package_identification:_identify(src) by extensions ['ignore', 'ignore_ament_install']
[0.719s] Level 1:colcon.colcon_core.package_identification:_identify(src) by extension 'ignore'
[0.719s] Level 1:colcon.colcon_core.package_identification:_identify(src) by extension 'ignore_ament_install'
[0.719s] Level 1:colcon.colcon_core.package_identification:_identify(src) by extensions ['colcon_pkg']
[0.719s] Level 1:colcon.colcon_core.package_identification:_identify(src) by extension 'colcon_pkg'
[0.719s] Level 1:colcon.colcon_core.package_identification:_identify(src) by extensions ['colcon_meta']
[0.719s] Level 1:colcon.colcon_core.package_identification:_identify(src) by extension 'colcon_meta'
[0.719s] Level 1:colcon.colcon_core.package_identification:_identify(src) by extensions ['ros']
[0.720s] Level 1:colcon.colcon_core.package_identification:_identify(src) by extension 'ros'
[0.720s] Level 1:colcon.colcon_core.package_identification:_identify(src) by extensions ['cmake', 'python']
[0.720s] Level 1:colcon.colcon_core.package_identification:_identify(src) by extension 'cmake'
[0.720s] Level 1:colcon.colcon_core.package_identification:_identify(src) by extension 'python'
[0.720s] Level 1:colcon.colcon_core.package_identification:_identify(src) by extensions ['python_setup_py']
[0.720s] Level 1:colcon.colcon_core.package_identification:_identify(src) by extension 'python_setup_py'
[0.721s] Level 1:colcon.colcon_core.package_identification:_identify(src/learning_ros) by extensions ['ignore', 'ignore_ament_install']
[0.721s] Level 1:colcon.colcon_core.package_identification:_identify(src/learning_ros) by extension 'ignore'
[0.721s] Level 1:colcon.colcon_core.package_identification:_identify(src/learning_ros) by extension 'ignore_ament_install'
[0.721s] Level 1:colcon.colcon_core.package_identification:_identify(src/learning_ros) by extensions ['colcon_pkg']
[0.721s] Level 1:colcon.colcon_core.package_identification:_identify(src/learning_ros) by extension 'colcon_pkg'
[0.721s] Level 1:colcon.colcon_core.package_identification:_identify(src/learning_ros) by extensions ['colcon_meta']
[0.722s] Level 1:colcon.colcon_core.package_identification:_identify(src/learning_ros) by extension 'colcon_meta'
[0.722s] Level 1:colcon.colcon_core.package_identification:_identify(src/learning_ros) by extensions ['ros']
[0.722s] Level 1:colcon.colcon_core.package_identification:_identify(src/learning_ros) by extension 'ros'
[0.727s] DEBUG:colcon.colcon_core.package_identification:Package 'src/learning_ros' with type 'ros.ament_python' and name 'learning_ros'
[0.727s] Level 1:colcon.colcon_core.package_identification:_identify(src/my_talker) by extensions ['ignore', 'ignore_ament_install']
[0.728s] Level 1:colcon.colcon_core.package_identification:_identify(src/my_talker) by extension 'ignore'
[0.728s] Level 1:colcon.colcon_core.package_identification:_identify(src/my_talker) by extension 'ignore_ament_install'
[0.728s] Level 1:colcon.colcon_core.package_identification:_identify(src/my_talker) by extensions ['colcon_pkg']
[0.728s] Level 1:colcon.colcon_core.package_identification:_identify(src/my_talker) by extension 'colcon_pkg'
[0.728s] Level 1:colcon.colcon_core.package_identification:_identify(src/my_talker) by extensions ['colcon_meta']
[0.728s] Level 1:colcon.colcon_core.package_identification:_identify(src/my_talker) by extension 'colcon_meta'
[0.728s] Level 1:colcon.colcon_core.package_identification:_identify(src/my_talker) by extensions ['ros']
[0.728s] Level 1:colcon.colcon_core.package_identification:_identify(src/my_talker) by extension 'ros'
[0.730s] DEBUG:colcon.colcon_core.package_identification:Package 'src/my_talker' with type 'ros.ament_python' and name 'my_talker'
[0.730s] Level 1:colcon.colcon_core.package_identification:_identify(src/src) by extensions ['ignore', 'ignore_ament_install']
[0.730s] Level 1:colcon.colcon_core.package_identification:_identify(src/src) by extension 'ignore'
[0.730s] Level 1:colcon.colcon_core.package_identification:_identify(src/src) by extension 'ignore_ament_install'
[0.730s] Level 1:colcon.colcon_core.package_identification:_identify(src/src) by extensions ['colcon_pkg']
[0.730s] Level 1:colcon.colcon_core.package_identification:_identify(src/src) by extension 'colcon_pkg'
[0.731s] Level 1:colcon.colcon_core.package_identification:_identify(src/src) by extensions ['colcon_meta']
[0.731s] Level 1:colcon.colcon_core.package_identification:_identify(src/src) by extension 'colcon_meta'
[0.731s] Level 1:colcon.colcon_core.package_identification:_identify(src/src) by extensions ['ros']
[0.731s] Level 1:colcon.colcon_core.package_identification:_identify(src/src) by extension 'ros'
[0.731s] Level 1:colcon.colcon_core.package_identification:_identify(src/src) by extensions ['cmake', 'python']
[0.731s] Level 1:colcon.colcon_core.package_identification:_identify(src/src) by extension 'cmake'
[0.731s] Level 1:colcon.colcon_core.package_identification:_identify(src/src) by extension 'python'
[0.732s] Level 1:colcon.colcon_core.package_identification:_identify(src/src) by extensions ['python_setup_py']
[0.732s] Level 1:colcon.colcon_core.package_identification:_identify(src/src) by extension 'python_setup_py'
[0.732s] Level 1:colcon.colcon_core.package_identification:_identify(src/src/learning_ros) by extensions ['ignore', 'ignore_ament_install']
[0.733s] Level 1:colcon.colcon_core.package_identification:_identify(src/src/learning_ros) by extension 'ignore'
[0.733s] Level 1:colcon.colcon_core.package_identification:_identify(src/src/learning_ros) by extension 'ignore_ament_install'
[0.733s] Level 1:colcon.colcon_core.package_identification:_identify(src/src/learning_ros) by extensions ['colcon_pkg']
[0.733s] Level 1:colcon.colcon_core.package_identification:_identify(src/src/learning_ros) by extension 'colcon_pkg'
[0.733s] Level 1:colcon.colcon_core.package_identification:_identify(src/src/learning_ros) by extensions ['colcon_meta']
[0.733s] Level 1:colcon.colcon_core.package_identification:_identify(src/src/learning_ros) by extension 'colcon_meta'
[0.733s] Level 1:colcon.colcon_core.package_identification:_identify(src/src/learning_ros) by extensions ['ros']
[0.733s] Level 1:colcon.colcon_core.package_identification:_identify(src/src/learning_ros) by extension 'ros'
[0.733s] Level 1:colcon.colcon_core.package_identification:_identify(src/src/learning_ros) by extensions ['cmake', 'python']
[0.734s] Level 1:colcon.colcon_core.package_identification:_identify(src/src/learning_ros) by extension 'cmake'
[0.734s] Level 1:colcon.colcon_core.package_identification:_identify(src/src/learning_ros) by extension 'python'
[0.734s] Level 1:colcon.colcon_core.package_identification:_identify(src/src/learning_ros) by extensions ['python_setup_py']
[0.734s] Level 1:colcon.colcon_core.package_identification:_identify(src/src/learning_ros) by extension 'python_setup_py'
[0.734s] Level 1:colcon.colcon_core.package_identification:_identify(src/src/learning_ros/learning_ros) by extensions ['ignore', 'ignore_ament_install']
[0.735s] Level 1:colcon.colcon_core.package_identification:_identify(src/src/learning_ros/learning_ros) by extension 'ignore'
[0.735s] Level 1:colcon.colcon_core.package_identification:_identify(src/src/learning_ros/learning_ros) by extension 'ignore_ament_install'
[0.735s] Level 1:colcon.colcon_core.package_identification:_identify(src/src/learning_ros/learning_ros) by extensions ['colcon_pkg']
[0.735s] Level 1:colcon.colcon_core.package_identification:_identify(src/src/learning_ros/learning_ros) by extension 'colcon_pkg'
[0.735s] Level 1:colcon.colcon_core.package_identification:_identify(src/src/learning_ros/learning_ros) by extensions ['colcon_meta']
[0.735s] Level 1:colcon.colcon_core.package_identification:_identify(src/src/learning_ros/learning_ros) by extension 'colcon_meta'
[0.735s] Level 1:colcon.colcon_core.package_identification:_identify(src/src/learning_ros/learning_ros) by extensions ['ros']
[0.736s] Level 1:colcon.colcon_core.package_identification:_identify(src/src/learning_ros/learning_ros) by extension 'ros'
[0.736s] Level 1:colcon.colcon_core.package_identification:_identify(src/src/learning_ros/learning_ros) by extensions ['cmake', 'python']
[0.736s] Level 1:colcon.colcon_core.package_identification:_identify(src/src/learning_ros/learning_ros) by extension 'cmake'
[0.736s] Level 1:colcon.colcon_core.package_identification:_identify(src/src/learning_ros/learning_ros) by extension 'python'
[0.737s] Level 1:colcon.colcon_core.package_identification:_identify(src/src/learning_ros/learning_ros) by extensions ['python_setup_py']
[0.737s] Level 1:colcon.colcon_core.package_identification:_identify(src/src/learning_ros/learning_ros) by extension 'python_setup_py'
[0.737s] Level 1:colcon.colcon_core.package_discovery:discover_packages(recursive) using defaults
[0.737s] Level 1:colcon.colcon_core.package_discovery:discover_packages(ignore) discover
[0.737s] Level 1:colcon.colcon_core.package_discovery:discover_packages(ignore) using defaults
[0.737s] Level 1:colcon.colcon_core.package_discovery:discover_packages(path) discover
[0.737s] Level 1:colcon.colcon_core.package_discovery:discover_packages(path) using defaults
[0.781s] INFO:colcon.colcon_core.package_selection:Skipping not selected package 'my_talker' in 'src/my_talker'
[0.782s] Level 1:colcon.colcon_core.package_discovery:discover_packages(prefix_path) check parameters
[0.782s] Level 1:colcon.colcon_core.package_discovery:discover_packages(prefix_path) discover
[0.785s] DEBUG:colcon.colcon_installed_package_information.package_discovery:Found 2 installed packages in /home/mousa/rov_software_2026/install
[0.789s] DEBUG:colcon.colcon_installed_package_information.package_discovery:Found 271 installed packages in /opt/ros/humble
[0.793s] Level 1:colcon.colcon_core.package_discovery:discover_packages(prefix_path) using defaults
[0.888s] Level 5:colcon.colcon_core.verb:set package 'learning_ros' build argument 'cmake_args' from command line to 'None'
[0.888s] Level 5:colcon.colcon_core.verb:set package 'learning_ros' build argument 'cmake_target' from command line to 'None'
[0.888s] Level 5:colcon.colcon_core.verb:set package 'learning_ros' build argument 'cmake_target_skip_unavailable' from command line to 'False'
[0.888s] Level 5:colcon.colcon_core.verb:set package 'learning_ros' build argument 'cmake_clean_cache' from command line to 'False'
[0.888s] Level 5:colcon.colcon_core.verb:set package 'learning_ros' build argument 'cmake_clean_first' from command line to 'False'
[0.888s] Level 5:colcon.colcon_core.verb:set package 'learning_ros' build argument 'cmake_force_configure' from command line to 'False'
[0.888s] Level 5:colcon.colcon_core.verb:set package 'learning_ros' build argument 'ament_cmake_args' from command line to 'None'
[0.889s] Level 5:colcon.colcon_core.verb:set package 'learning_ros' build argument 'catkin_cmake_args' from command line to 'None'
[0.889s] Level 5:colcon.colcon_core.verb:set package 'learning_ros' build argument 'catkin_skip_building_tests' from command line to 'False'
[0.889s] DEBUG:colcon.colcon_core.verb:Building package 'learning_ros' with the following arguments: {'ament_cmake_args': None, 'build_base': '/home/mousa/rov_software_2026/build/learning_ros', 'catkin_cmake_args': None, 'catkin_skip_building_tests': False, 'cmake_args': None, 'cmake_clean_cache': False, 'cmake_clean_first': False, 'cmake_force_configure': False, 'cmake_target': None, 'cmake_target_skip_unavailable': False, 'install_base': '/home/mousa/rov_software_2026/install/learning_ros', 'merge_install': False, 'path': '/home/mousa/rov_software_2026/src/learning_ros', 'symlink_install': True, 'test_result_base': None}
[0.889s] INFO:colcon.colcon_core.executor:Executing jobs using 'parallel' executor
[0.891s] DEBUG:colcon.colcon_parallel_executor.executor.parallel:run_until_complete
[0.892s] INFO:colcon.colcon_ros.task.ament_python.build:Building ROS package in '/home/mousa/rov_software_2026/src/learning_ros' with build type 'ament_python'
[0.892s] Level 1:colcon.colcon_core.shell:create_environment_hook('learning_ros', 'ament_prefix_path')
[0.899s] INFO:colcon.colcon_core.plugin_system:Skipping extension 'colcon_core.shell.bat': Not used on non-Windows systems
[0.899s] INFO:colcon.colcon_core.shell:Creating environment hook '/home/mousa/rov_software_2026/install/learning_ros/share/learning_ros/hook/ament_prefix_path.ps1'
[0.901s] INFO:colcon.colcon_core.shell:Creating environment descriptor '/home/mousa/rov_software_2026/install/learning_ros/share/learning_ros/hook/ament_prefix_path.dsv'
[0.902s] INFO:colcon.colcon_core.shell:Creating environment hook '/home/mousa/rov_software_2026/install/learning_ros/share/learning_ros/hook/ament_prefix_path.sh'
[0.905s] INFO:colcon.colcon_core.shell:Skip shell extension 'powershell' for command environment: Not usable outside of PowerShell
[0.906s] DEBUG:colcon.colcon_core.shell:Skip shell extension 'dsv' for command environment
[1.505s] INFO:colcon.colcon_core.task.python.build:Building Python package in '/home/mousa/rov_software_2026/src/learning_ros'
[1.506s] INFO:colcon.colcon_core.shell:Skip shell extension 'powershell' for command environment: Not usable outside of PowerShell
[1.506s] DEBUG:colcon.colcon_core.shell:Skip shell extension 'dsv' for command environment
[2.300s] DEBUG:colcon.colcon_core.event_handler.log_command:Invoking command in '/home/mousa/rov_software_2026/build/learning_ros': PYTHONPATH=/home/mousa/rov_software_2026/build/learning_ros/prefix_override:/usr/lib/python3/dist-packages/colcon_core/task/python/colcon_distutils_commands:/home/mousa/rov_software_2026/install/learning_ros/lib/python3.10/site-packages:${PYTHONPATH} /usr/bin/python3 -W ignore:setup.py install is deprecated -W ignore:easy_install command is deprecated setup.py develop --editable --build-directory /home/mousa/rov_software_2026/build/learning_ros/build --no-deps symlink_data
[3.216s] Level 1:colcon.colcon_core.shell:create_environment_hook('learning_ros', 'pythonpath_develop')
[3.217s] INFO:colcon.colcon_core.shell:Creating environment hook '/home/mousa/rov_software_2026/build/learning_ros/share/learning_ros/hook/pythonpath_develop.ps1'
[3.219s] DEBUG:colcon.colcon_core.event_handler.log_command:Invoked command in '/home/mousa/rov_software_2026/build/learning_ros' returned '0': PYTHONPATH=/home/mousa/rov_software_2026/build/learning_ros/prefix_override:/usr/lib/python3/dist-packages/colcon_core/task/python/colcon_distutils_commands:/home/mousa/rov_software_2026/install/learning_ros/lib/python3.10/site-packages:${PYTHONPATH} /usr/bin/python3 -W ignore:setup.py install is deprecated -W ignore:easy_install command is deprecated setup.py develop --editable --build-directory /home/mousa/rov_software_2026/build/learning_ros/build --no-deps symlink_data
[3.220s] INFO:colcon.colcon_core.shell:Creating environment descriptor '/home/mousa/rov_software_2026/build/learning_ros/share/learning_ros/hook/pythonpath_develop.dsv'
[3.221s] INFO:colcon.colcon_core.shell:Creating environment hook '/home/mousa/rov_software_2026/build/learning_ros/share/learning_ros/hook/pythonpath_develop.sh'
[3.227s] Level 1:colcon.colcon_core.environment:checking '/home/mousa/rov_software_2026/install/learning_ros' for CMake module files
[3.227s] Level 1:colcon.colcon_core.environment:checking '/home/mousa/rov_software_2026/install/learning_ros' for CMake config files
[3.229s] Level 1:colcon.colcon_core.environment:checking '/home/mousa/rov_software_2026/install/learning_ros/lib'
[3.229s] Level 1:colcon.colcon_core.environment:checking '/home/mousa/rov_software_2026/install/learning_ros/bin'
[3.229s] Level 1:colcon.colcon_core.shell:create_environment_hook('learning_ros', 'path')
[3.230s] INFO:colcon.colcon_core.shell:Creating environment hook '/home/mousa/rov_software_2026/install/learning_ros/share/learning_ros/hook/path.ps1'
[3.231s] INFO:colcon.colcon_core.shell:Creating environment descriptor '/home/mousa/rov_software_2026/install/learning_ros/share/learning_ros/hook/path.dsv'
[3.232s] INFO:colcon.colcon_core.shell:Creating environment hook '/home/mousa/rov_software_2026/install/learning_ros/share/learning_ros/hook/path.sh'
[3.232s] Level 1:colcon.colcon_core.environment:checking '/home/mousa/rov_software_2026/install/learning_ros/lib/pkgconfig/learning_ros.pc'
[3.233s] Level 1:colcon.colcon_core.environment:checking '/home/mousa/rov_software_2026/install/learning_ros/lib/python3.10/site-packages'
[3.233s] Level 1:colcon.colcon_core.shell:create_environment_hook('learning_ros', 'pythonpath')
[3.233s] INFO:colcon.colcon_core.shell:Creating environment hook '/home/mousa/rov_software_2026/install/learning_ros/share/learning_ros/hook/pythonpath.ps1'
[3.235s] INFO:colcon.colcon_core.shell:Creating environment descriptor '/home/mousa/rov_software_2026/install/learning_ros/share/learning_ros/hook/pythonpath.dsv'
[3.237s] INFO:colcon.colcon_core.shell:Creating environment hook '/home/mousa/rov_software_2026/install/learning_ros/share/learning_ros/hook/pythonpath.sh'
[3.239s] Level 1:colcon.colcon_core.environment:checking '/home/mousa/rov_software_2026/install/learning_ros/bin'
[3.239s] Level 1:colcon.colcon_core.shell:create_environment_hook('learning_ros', 'pythonscriptspath')
[3.239s] INFO:colcon.colcon_core.shell:Creating environment hook '/home/mousa/rov_software_2026/install/learning_ros/share/learning_ros/hook/pythonscriptspath.ps1'
[3.240s] INFO:colcon.colcon_core.shell:Creating environment descriptor '/home/mousa/rov_software_2026/install/learning_ros/share/learning_ros/hook/pythonscriptspath.dsv'
[3.241s] INFO:colcon.colcon_core.shell:Creating environment hook '/home/mousa/rov_software_2026/install/learning_ros/share/learning_ros/hook/pythonscriptspath.sh'
[3.243s] Level 1:colcon.colcon_core.environment:create_environment_scripts_only(learning_ros)
[3.243s] INFO:colcon.colcon_core.shell:Creating package script '/home/mousa/rov_software_2026/install/learning_ros/share/learning_ros/package.ps1'
[3.245s] INFO:colcon.colcon_core.shell:Creating package descriptor '/home/mousa/rov_software_2026/install/learning_ros/share/learning_ros/package.dsv'
[3.247s] INFO:colcon.colcon_core.shell:Creating package script '/home/mousa/rov_software_2026/install/learning_ros/share/learning_ros/package.sh'
[3.249s] INFO:colcon.colcon_core.shell:Creating package script '/home/mousa/rov_software_2026/install/learning_ros/share/learning_ros/package.bash'
[3.251s] INFO:colcon.colcon_core.shell:Creating package script '/home/mousa/rov_software_2026/install/learning_ros/share/learning_ros/package.zsh'
[3.253s] Level 1:colcon.colcon_core.environment:create_file_with_runtime_dependencies(/home/mousa/rov_software_2026/install/learning_ros/share/colcon-core/packages/learning_ros)
[3.254s] DEBUG:colcon.colcon_parallel_executor.executor.parallel:closing loop
[3.255s] DEBUG:colcon.colcon_parallel_executor.executor.parallel:loop closed
[3.256s] DEBUG:colcon.colcon_parallel_executor.executor.parallel:run_until_complete finished with '0'
[3.256s] DEBUG:colcon.colcon_core.event_reactor:joining thread
[3.298s] INFO:colcon.colcon_core.plugin_system:Skipping extension 'colcon_notification.desktop_notification.notify_send': Could not find 'notify-send'
[3.299s] INFO:colcon.colcon_core.plugin_system:Skipping extension 'colcon_notification.desktop_notification.terminal_notifier': Not used on non-Darwin systems
[3.299s] INFO:colcon.colcon_core.plugin_system:Skipping extension 'colcon_notification.desktop_notification.win32': Not used on non-Windows systems
[3.299s] INFO:colcon.colcon_notification.desktop_notification:Sending desktop notification using 'notify2'
[3.299s] DEBUG:colcon.colcon_notification.desktop_notification.notify2:Failed to initialize notify2: org.freedesktop.DBus.Error.FileNotFound: Failed to connect to socket /run/user/1000/bus: No such file or directory
[3.300s] DEBUG:colcon.colcon_core.event_reactor:joined thread
[3.301s] INFO:colcon.colcon_core.shell:Creating prefix script '/home/mousa/rov_software_2026/install/local_setup.ps1'
[3.304s] INFO:colcon.colcon_core.shell:Creating prefix util module '/home/mousa/rov_software_2026/install/_local_setup_util_ps1.py'
[3.307s] INFO:colcon.colcon_core.shell:Creating prefix chain script '/home/mousa/rov_software_2026/install/setup.ps1'
[3.309s] INFO:colcon.colcon_core.shell:Creating prefix script '/home/mousa/rov_software_2026/install/local_setup.sh'
[3.311s] INFO:colcon.colcon_core.shell:Creating prefix util module '/home/mousa/rov_software_2026/install/_local_setup_util_sh.py'
[3.312s] INFO:colcon.colcon_core.shell:Creating prefix chain script '/home/mousa/rov_software_2026/install/setup.sh'
[3.314s] INFO:colcon.colcon_core.shell:Creating prefix script '/home/mousa/rov_software_2026/install/local_setup.bash'
[3.315s] INFO:colcon.colcon_core.shell:Creating prefix chain script '/home/mousa/rov_software_2026/install/setup.bash'
[3.317s] INFO:colcon.colcon_core.shell:Creating prefix script '/home/mousa/rov_software_2026/install/local_setup.zsh'
[3.318s] INFO:colcon.colcon_core.shell:Creating prefix chain script '/home/mousa/rov_software_2026/install/setup.zsh'
